Archive member included because of file (symbol)

/home/hs2t/.pebble-sdk/SDKs/current/sdk-core/pebble/aplite/lib/libpebble.a(tmpeWFBzLpebble.o)
                              src/simply/simply_accel.c.19.o (accel_data_service_unsubscribe)
/home/hs2t/pebble-dev/pebble-sdk-4.0.1-linux64/arm-cs-tools/bin/../lib/gcc/arm-none-eabi/4.7.2/thumb2/libgcc.a(_aeabi_ldivmod.o)
                              src/simply/simply_menu.c.19.o (__aeabi_ldivmod)
/home/hs2t/pebble-dev/pebble-sdk-4.0.1-linux64/arm-cs-tools/bin/../lib/gcc/arm-none-eabi/4.7.2/thumb2/libgcc.a(bpabi.o)
                              /home/hs2t/pebble-dev/pebble-sdk-4.0.1-linux64/arm-cs-tools/bin/../lib/gcc/arm-none-eabi/4.7.2/thumb2/libgcc.a(_aeabi_ldivmod.o) (__gnu_ldivmod_helper)
/home/hs2t/pebble-dev/pebble-sdk-4.0.1-linux64/arm-cs-tools/bin/../lib/gcc/arm-none-eabi/4.7.2/thumb2/libgcc.a(_dvmd_tls.o)
                              /home/hs2t/pebble-dev/pebble-sdk-4.0.1-linux64/arm-cs-tools/bin/../lib/gcc/arm-none-eabi/4.7.2/thumb2/libgcc.a(_aeabi_ldivmod.o) (__aeabi_ldiv0)
/home/hs2t/pebble-dev/pebble-sdk-4.0.1-linux64/arm-cs-tools/bin/../lib/gcc/arm-none-eabi/4.7.2/thumb2/libgcc.a(_divdi3.o)
                              /home/hs2t/pebble-dev/pebble-sdk-4.0.1-linux64/arm-cs-tools/bin/../lib/gcc/arm-none-eabi/4.7.2/thumb2/libgcc.a(bpabi.o) (__divdi3)
/home/hs2t/pebble-dev/pebble-sdk-4.0.1-linux64/arm-cs-tools/bin/../lib/gcc/arm-none-eabi/4.7.2/thumb2/libgcc.a(_udivdi3.o)
                              /home/hs2t/pebble-dev/pebble-sdk-4.0.1-linux64/arm-cs-tools/bin/../lib/gcc/arm-none-eabi/4.7.2/thumb2/libgcc.a(bpabi.o) (__udivdi3)
/home/hs2t/pebble-dev/pebble-sdk-4.0.1-linux64/arm-cs-tools/bin/../lib/gcc/arm-none-eabi/4.7.2/thumb2/libgcc.a(_udivsi3.o)
                              /home/hs2t/pebble-dev/pebble-sdk-4.0.1-linux64/arm-cs-tools/bin/../lib/gcc/arm-none-eabi/4.7.2/thumb2/libgcc.a(_divdi3.o) (__aeabi_uidiv)

Allocating common symbols
Common symbol       size              file

simply              0x4               src/main.c.19.o

Discarded input sections

 .text          0x0000000000000000        0x0 /home/hs2t/pebble-dev/pebble-sdk-4.0.1-linux64/arm-cs-tools/bin/../lib/gcc/arm-none-eabi/4.7.2/thumb2/crti.o
 .bss           0x0000000000000000        0x0 /home/hs2t/pebble-dev/pebble-sdk-4.0.1-linux64/arm-cs-tools/bin/../lib/gcc/arm-none-eabi/4.7.2/thumb2/crti.o
 .init          0x0000000000000000        0x4 /home/hs2t/pebble-dev/pebble-sdk-4.0.1-linux64/arm-cs-tools/bin/../lib/gcc/arm-none-eabi/4.7.2/thumb2/crti.o
 .fini          0x0000000000000000        0x4 /home/hs2t/pebble-dev/pebble-sdk-4.0.1-linux64/arm-cs-tools/bin/../lib/gcc/arm-none-eabi/4.7.2/thumb2/crti.o
 .text          0x0000000000000000       0xc8 /home/hs2t/pebble-dev/pebble-sdk-4.0.1-linux64/arm-cs-tools/bin/../lib/gcc/arm-none-eabi/4.7.2/thumb2/crtbegin.o
 .bss           0x0000000000000000       0x1c /home/hs2t/pebble-dev/pebble-sdk-4.0.1-linux64/arm-cs-tools/bin/../lib/gcc/arm-none-eabi/4.7.2/thumb2/crtbegin.o
 .init_array    0x0000000000000000        0x4 /home/hs2t/pebble-dev/pebble-sdk-4.0.1-linux64/arm-cs-tools/bin/../lib/gcc/arm-none-eabi/4.7.2/thumb2/crtbegin.o
 .fini_array    0x0000000000000000        0x4 /home/hs2t/pebble-dev/pebble-sdk-4.0.1-linux64/arm-cs-tools/bin/../lib/gcc/arm-none-eabi/4.7.2/thumb2/crtbegin.o
 .eh_frame      0x0000000000000000        0x0 /home/hs2t/pebble-dev/pebble-sdk-4.0.1-linux64/arm-cs-tools/bin/../lib/gcc/arm-none-eabi/4.7.2/thumb2/crtbegin.o
 .jcr           0x0000000000000000        0x0 /home/hs2t/pebble-dev/pebble-sdk-4.0.1-linux64/arm-cs-tools/bin/../lib/gcc/arm-none-eabi/4.7.2/thumb2/crtbegin.o
 .tm_clone_table
                0x0000000000000000        0x0 /home/hs2t/pebble-dev/pebble-sdk-4.0.1-linux64/arm-cs-tools/bin/../lib/gcc/arm-none-eabi/4.7.2/thumb2/crtbegin.o
 .text          0x0000000000000000        0x0 src/main.c.19.o
 .bss           0x0000000000000000        0x0 src/main.c.19.o
 .text          0x0000000000000000        0x0 src/simply/simply.c.19.o
 .bss           0x0000000000000000        0x0 src/simply/simply.c.19.o
 .text          0x0000000000000000        0x0 src/simply/simply_accel.c.19.o
 .bss           0x0000000000000000        0x0 src/simply/simply_accel.c.19.o
 .text          0x0000000000000000        0x0 src/simply/simply_menu.c.19.o
 .bss           0x0000000000000000        0x0 src/simply/simply_menu.c.19.o
 .text          0x0000000000000000        0x0 src/simply/simply_msg.c.19.o
 .bss           0x0000000000000000        0x0 src/simply/simply_msg.c.19.o
 .text          0x0000000000000000        0x0 src/simply/simply_res.c.19.o
 .bss           0x0000000000000000        0x0 src/simply/simply_res.c.19.o
 .text.id_filter
                0x0000000000000000        0xa src/simply/simply_res.c.19.o
 .text.simply_res_remove_image
                0x0000000000000000       0x18 src/simply/simply_res.c.19.o
 .text          0x0000000000000000        0x0 src/simply/simply_splash.c.19.o
[...]
Memory Configuration

Name             Origin             Length             Attributes
APP              0x0000000000000000 0x0000000000006000 xrw
*default*        0x0000000000000000 0xffffffffffffffff

Linker script and memory map

LOAD /home/hs2t/pebble-dev/pebble-sdk-4.0.1-linux64/arm-cs-tools/bin/../lib/gcc/arm-none-eabi/4.7.2/thumb2/crti.o
LOAD /home/hs2t/pebble-dev/pebble-sdk-4.0.1-linux64/arm-cs-tools/bin/../lib/gcc/arm-none-eabi/4.7.2/thumb2/crtbegin.o
LOAD src/main.c.19.o
LOAD src/simply/simply.c.19.o
LOAD src/simply/simply_accel.c.19.o
LOAD src/simply/simply_menu.c.19.o
LOAD src/simply/simply_msg.c.19.o
LOAD src/simply/simply_res.c.19.o
LOAD src/simply/simply_splash.c.19.o
LOAD src/simply/simply_stage.c.19.o
LOAD src/simply/simply_ui.c.19.o
LOAD src/simply/simply_voice.c.19.o
LOAD src/simply/simply_wakeup.c.19.o
LOAD src/simply/simply_window.c.19.o
LOAD src/simply/simply_window_stack.c.19.o
LOAD aplite/appinfo.auto.c.19.o
LOAD /home/hs2t/.pebble-sdk/SDKs/current/sdk-core/pebble/aplite/lib/libpebble.a
START GROUP
LOAD /home/hs2t/pebble-dev/pebble-sdk-4.0.1-linux64/arm-cs-tools/bin/../lib/gcc/arm-none-eabi/4.7.2/thumb2/libgcc.a
LOAD /home/hs2t/pebble-dev/pebble-sdk-4.0.1-linux64/arm-cs-tools/bin/../lib/gcc/arm-none-eabi/4.7.2/../../../../arm-none-eabi/lib/thumb2/libc.a
END GROUP
LOAD /home/hs2t/pebble-dev/pebble-sdk-4.0.1-linux64/arm-cs-tools/bin/../lib/gcc/arm-none-eabi/4.7.2/thumb2/crtend.o
LOAD /home/hs2t/pebble-dev/pebble-sdk-4.0.1-linux64/arm-cs-tools/bin/../lib/gcc/arm-none-eabi/4.7.2/thumb2/crtn.o

.header         0x0000000000000000       0x82
 *(.pbl_header)
 .pbl_header    0x0000000000000000       0x82 aplite/appinfo.auto.c.19.o
                0x0000000000000000                __pbl_app_info

.note.gnu.build-id
                0x0000000000000082       0x26
                0x0000000000000082                PROVIDE (BUILD_ID, .)
 *(.note.gnu.build-id)
 *fill*         0x0000000000000082        0x2 
 .note.gnu.build-id
                0x0000000000000084       0x24 linker stubs

.text           0x00000000000000a8     0x4280
 *(.text)
 .text          0x00000000000000a8       0x14 /home/hs2t/.pebble-sdk/SDKs/current/sdk-core/pebble/aplite/lib/libpebble.a(tmpeWFBzLpebble.o)
 .text          0x00000000000000bc       0x38 /home/hs2t/pebble-dev/pebble-sdk-4.0.1-linux64/arm-cs-tools/bin/../lib/gcc/arm-none-eabi/4.7.2/thumb2/libgcc.a(_aeabi_ldivmod.o)
                0x00000000000000bc                __aeabi_ldivmod
 .text          0x00000000000000f4       0x60 /home/hs2t/pebble-dev/pebble-sdk-4.0.1-linux64/arm-cs-tools/bin/../lib/gcc/arm-none-eabi/4.7.2/thumb2/libgcc.a(bpabi.o)
                0x00000000000000f4                __gnu_ldivmod_helper
                0x0000000000000124                __gnu_uldivmod_helper
 .text          0x0000000000000154        0x4 /home/hs2t/pebble-dev/pebble-sdk-4.0.1-linux64/arm-cs-tools/bin/../lib/gcc/arm-none-eabi/4.7.2/thumb2/libgcc.a(_dvmd_tls.o)
                0x0000000000000154                __aeabi_ldiv0
                0x0000000000000154                __aeabi_idiv0
 .text          0x0000000000000158      0x36c /home/hs2t/pebble-dev/pebble-sdk-4.0.1-linux64/arm-cs-tools/bin/../lib/gcc/arm-none-eabi/4.7.2/thumb2/libgcc.a(_divdi3.o)
                0x0000000000000158                __divdi3
 .text          0x00000000000004c4      0x314 /home/hs2t/pebble-dev/pebble-sdk-4.0.1-linux64/arm-cs-tools/bin/../lib/gcc/arm-none-eabi/4.7.2/thumb2/libgcc.a(_udivdi3.o)
                0x00000000000004c4                __udivdi3
 .text          0x00000000000007d8      0x278 /home/hs2t/pebble-dev/pebble-sdk-4.0.1-linux64/arm-cs-tools/bin/../lib/gcc/arm-none-eabi/4.7.2/thumb2/libgcc.a(_udivsi3.o)
                0x00000000000007d8                __udivsi3
                0x00000000000007d8                __aeabi_uidiv
                0x0000000000000a34                __aeabi_uidivmod
 *(.text.*)
 .text.window_unload
                0x0000000000000a50       0x24 src/main.c.19.o
 .text.window_load
                0x0000000000000a74       0x54 src/main.c.19.o
 .text.startup.main
                0x0000000000000ac8       0x74 src/main.c.19.o
                0x0000000000000ac8                main
 .text.simply_init
                0x0000000000000b3c       0x60 src/simply/simply.c.19.o
                0x0000000000000b3c                simply_init
 .text.simply_deinit
                0x0000000000000b9c       0x38 src/simply/simply.c.19.o
                0x0000000000000b9c                simply_deinit
 .text.handle_accel_tap
                0x0000000000000bd4       0x1e src/simply/simply_accel.c.19.o
 .text.send_accel_data.isra.1
                0x0000000000000bf2       0x4a src/simply/simply_accel.c.19.o
 .text.handle_accel_data
                0x0000000000000c3c        0x6 src/simply/simply_accel.c.19.o
 *fill*         0x0000000000000c42        0x2 
 .text.accel_peek_timer_callback
                0x0000000000000c44       0x40 src/simply/simply_accel.c.19.o
 .text.simply_accel_handle_packet
                0x0000000000000c84       0x6c src/simply/simply_accel.c.19.o
                0x0000000000000c84                simply_accel_handle_packet
 .text.simply_accel_create
                0x0000000000000cf0       0x38 src/simply/simply_accel.c.19.o
                0x0000000000000cf0                simply_accel_create
 .text.simply_accel_destroy
                0x0000000000000d28       0x20 src/simply/simply_accel.c.19.o
                0x0000000000000d28                simply_accel_destroy
 .text.list1_remove
                0x0000000000000d48       0x32 src/simply/simply_menu.c.19.o
 .text.prv_section_filter
                0x0000000000000d7a        0xc src/simply/simply_menu.c.19.o
 .text.prv_item_filter
                0x0000000000000d86       0x1a src/simply/simply_menu.c.19.o
 .text.prv_request_item_filter
                0x0000000000000da0        0xc src/simply/simply_menu.c.19.o
 .text.prv_menu_get_num_sections_callback
                0x0000000000000dac        0x4 src/simply/simply_menu.c.19.o
 .text.prv_free_title
                0x0000000000000db0       0x20 src/simply/simply_menu.c.19.o
 .text.prv_destroy_section
                0x0000000000000dd0       0x20 src/simply/simply_menu.c.19.o
 .text.prv_destroy_item
                0x0000000000000df0       0x28 src/simply/simply_menu.c.19.o
 .text.prv_menu_window_unload
                0x0000000000000e18       0x1c src/simply/simply_menu.c.19.o
 .text.prv_reload_data
                0x0000000000000e34        0xa src/simply/simply_menu.c.19.o
 .text.simply_menu_clear
                0x0000000000000e3e       0x28 src/simply/simply_menu.c.19.o
 .text.prv_menu_window_disappear
                0x0000000000000e66       0x22 src/simply/simply_menu.c.19.o
 .text.prv_menu_window_appear
                0x0000000000000e88        0xe src/simply/simply_menu.c.19.o
 .text.prv_single_click_handler
                0x0000000000000e96       0x1a src/simply/simply_menu.c.19.o
 .text.gpoint_polar
                0x0000000000000eb0       0x34 src/simply/simply_menu.c.19.o
 .text.prv_mark_dirty
                0x0000000000000ee4       0x14 src/simply/simply_menu.c.19.o
 .text.strdup2  0x0000000000000ef8       0x28 src/simply/simply_menu.c.19.o
 .text.prv_menu_window_load
                0x0000000000000f20       0xf0 src/simply/simply_menu.c.19.o
 .text.list1_find_prev.constprop.8
                0x0000000000001010       0x1c src/simply/simply_menu.c.19.o
 .text.prv_click_config_provider
                0x000000000000102c       0x24 src/simply/simply_menu.c.19.o
 .text.prv_add_item
                0x0000000000001050       0x58 src/simply/simply_menu.c.19.o
 .text.prv_get_menu_section
                0x00000000000010a8       0x10 src/simply/simply_menu.c.19.o
 .text.prv_menu_get_num_rows_callback
                0x00000000000010b8       0x12 src/simply/simply_menu.c.19.o
 *fill*         0x00000000000010ca        0x2 
 .text.prv_menu_get_header_height_callback
                0x00000000000010cc       0x24 src/simply/simply_menu.c.19.o
 .text.refresh_spinner_timer
                0x00000000000010f0       0x2c src/simply/simply_menu.c.19.o
 .text.spinner_timer_callback
                0x000000000000111c       0x16 src/simply/simply_menu.c.19.o
 .text.prv_menu_select_long_click_callback
                0x0000000000001132       0x22 src/simply/simply_menu.c.19.o
 .text.prv_menu_select_click_callback
                0x0000000000001154       0x22 src/simply/simply_menu.c.19.o
 *fill*         0x0000000000001176        0x2 
 .text.prv_add_section
                0x0000000000001178       0x50 src/simply/simply_menu.c.19.o
 .text.prv_request_menu_section.part.2
                0x00000000000011c8       0x3e src/simply/simply_menu.c.19.o
 *fill*         0x0000000000001206        0x2 
 .text.prv_menu_draw_row_callback
                0x0000000000001208      0x274 src/simply/simply_menu.c.19.o
 .text.prv_menu_draw_header_callback
                0x000000000000147c       0xc4 src/simply/simply_menu.c.19.o
 .text.simply_menu_handle_packet
                0x0000000000001540      0x1dc src/simply/simply_menu.c.19.o
                0x0000000000001540                simply_menu_handle_packet
 .text.simply_menu_create
                0x000000000000171c       0x3c src/simply/simply_menu.c.19.o
                0x000000000000171c                simply_menu_create
 .text.simply_menu_destroy
                0x0000000000001758       0x16 src/simply/simply_menu.c.19.o
                0x0000000000001758                simply_menu_destroy
 .text.list1_remove
                0x000000000000176e       0x32 src/simply/simply_msg.c.19.o
 .text.dropped_callback
                0x00000000000017a0        0x2 src/simply/simply_msg.c.19.o
 .text.sent_callback
                0x00000000000017a2        0x2 src/simply/simply_msg.c.19.o
 .text.send_msg
                0x00000000000017a4       0x30 src/simply/simply_msg.c.19.o
 .text.handle_packet
                0x00000000000017d4      0x18e src/simply/simply_msg.c.19.o
 *fill*         0x0000000000001962        0x2 
 .text.received_callback
                0x0000000000001964       0x38 src/simply/simply_msg.c.19.o
 .text.send_msg_retry
                0x000000000000199c       0xb8 src/simply/simply_msg.c.19.o
 .text.simply_msg_has_communicated
                0x0000000000001a54        0xc src/simply/simply_msg.c.19.o
                0x0000000000001a54                simply_msg_has_communicated
 .text.simply_msg_show_disconnected
                0x0000000000001a60       0x58 src/simply/simply_msg.c.19.o
                0x0000000000001a60                simply_msg_show_disconnected
 .text.failed_callback
                0x0000000000001ab8       0x18 src/simply/simply_msg.c.19.o
 .text.simply_msg_create
                0x0000000000001ad0       0x6c src/simply/simply_msg.c.19.o
                0x0000000000001ad0                simply_msg_create
 .text.simply_msg_destroy
                0x0000000000001b3c       0x1c src/simply/simply_msg.c.19.o
                0x0000000000001b3c                simply_msg_destroy
 .text.simply_msg_send
                0x0000000000001b58        0x4 src/simply/simply_msg.c.19.o
                0x0000000000001b58                simply_msg_send
 .text.simply_msg_send_packet
                0x0000000000001b5c       0x84 src/simply/simply_msg.c.19.o
                0x0000000000001b5c                simply_msg_send_packet
 .text.list1_remove
                0x0000000000001be0       0x32 src/simply/simply_res.c.19.o
 .text.destroy_image
                0x0000000000001c12       0x22 src/simply/simply_res.c.19.o
 .text.malloc0  0x0000000000001c34       0x18 src/simply/simply_res.c.19.o
 .text.window_stack_schedule_top_window_render
                0x0000000000001c4c       0x12 src/simply/simply_res.c.19.o
 .text.setup_image
                0x0000000000001c5e       0x64 src/simply/simply_res.c.19.o
 .text.create_bitmap_with_png_data
                0x0000000000001cc2        0xc src/simply/simply_res.c.19.o
 .text.create_bitmap_with_id
                0x0000000000001cce       0x12 src/simply/simply_res.c.19.o
 .text.simply_res_evict_image
                0x0000000000001ce0       0x1a src/simply/simply_res.c.19.o
                0x0000000000001ce0                simply_res_evict_image
 .text.create_image
                0x0000000000001cfa       0x48 src/simply/simply_res.c.19.o
 *fill*         0x0000000000001d42        0x2 
 .text.simply_res_add_bundled_image
                0x0000000000001d44       0x28 src/simply/simply_res.c.19.o
                0x0000000000001d44                simply_res_add_bundled_image
 .text.simply_res_add_image
                0x0000000000001d6c       0x64 src/simply/simply_res.c.19.o
                0x0000000000001d6c                simply_res_add_image
 .text.simply_res_auto_image
                0x0000000000001dd0       0x42 src/simply/simply_res.c.19.o
                0x0000000000001dd0                simply_res_auto_image
 .text.simply_res_add_custom_font
                0x0000000000001e12       0x40 src/simply/simply_res.c.19.o
                0x0000000000001e12                simply_res_add_custom_font
 .text.simply_res_auto_font
                0x0000000000001e52       0x2a src/simply/simply_res.c.19.o
                0x0000000000001e52                simply_res_auto_font
 .text.simply_res_clear
                0x0000000000001e7c       0x34 src/simply/simply_res.c.19.o
                0x0000000000001e7c                simply_res_clear
 .text.simply_res_create
                0x0000000000001eb0       0x2a src/simply/simply_res.c.19.o
                0x0000000000001eb0                simply_res_create
 .text.simply_res_destroy
                0x0000000000001eda       0x12 src/simply/simply_res.c.19.o
                0x0000000000001eda                simply_res_destroy
 .text.window_load
                0x0000000000001eec       0x12 src/simply/simply_splash.c.19.o
 .text.layer_update_callback
                0x0000000000001efe       0x24 src/simply/simply_splash.c.19.o
                0x0000000000001efe                layer_update_callback
 *fill*         0x0000000000001f22        0x2 
 .text.simply_splash_create
                0x0000000000001f24       0x78 src/simply/simply_splash.c.19.o
                0x0000000000001f24                simply_splash_create
 .text.simply_splash_destroy
                0x0000000000001f9c       0x20 src/simply/simply_splash.c.19.o
                0x0000000000001f9c                simply_splash_destroy
 .text.window_disappear
                0x0000000000001fbc       0x1a src/simply/simply_splash.c.19.o
 .text.list1_remove
                0x0000000000001fd6       0x32 src/simply/simply_stage.c.19.o
 .text.element_frame_getter
                0x0000000000002008       0x10 src/simply/simply_stage.c.19.o
 .text.window_unload
                0x0000000000002018       0x1e src/simply/simply_stage.c.19.o
 .text.destroy_animation
                0x0000000000002036       0x24 src/simply/simply_stage.c.19.o
 *fill*         0x000000000000205a        0x2 
 .text.simply_stage_update_ticker
                0x000000000000205c       0x2c src/simply/simply_stage.c.19.o
 .text.simply_stage_clear
                0x0000000000002088       0x52 src/simply/simply_stage.c.19.o
 .text.window_disappear
                0x00000000000020da       0x22 src/simply/simply_stage.c.19.o
 .text.handle_tick
                0x00000000000020fc       0x12 src/simply/simply_stage.c.19.o
 .text.simply_stage_update
                0x000000000000210e        0xa src/simply/simply_stage.c.19.o
 .text.window_appear
                0x0000000000002118       0x16 src/simply/simply_stage.c.19.o
 *fill*         0x000000000000212e        0x2 
 .text.window_load
                0x0000000000002130       0x58 src/simply/simply_stage.c.19.o
 .text.malloc0  0x0000000000002188       0x18 src/simply/simply_stage.c.19.o
 .text.simply_stage_remove_element
                0x00000000000021a0       0x24 src/simply/simply_stage.c.19.o
 .text.rect_element_draw_background.isra.1.part.2
                0x00000000000021c4       0x20 src/simply/simply_stage.c.19.o
 .text.rect_element_draw_border.isra.3.part.4
                0x00000000000021e4       0x20 src/simply/simply_stage.c.19.o
 .text.simply_stage_set_element_frame.isra.10
                0x0000000000002204       0x32 src/simply/simply_stage.c.19.o
 .text.element_frame_setter
                0x0000000000002236       0x1e src/simply/simply_stage.c.19.o
 .text.prv_draw_line_polar.constprop.13
                0x0000000000002254       0x46 src/simply/simply_stage.c.19.o
 .text.rect_element_draw.isra.5
                0x000000000000229a       0x24 src/simply/simply_stage.c.19.o
 *fill*         0x00000000000022be        0x2 
 .text.layer_update_callback
                0x00000000000022c0      0x358 src/simply/simply_stage.c.19.o
 .text.simply_stage_auto_element
                0x0000000000002618       0x8c src/simply/simply_stage.c.19.o
 .text.animation_stopped
                0x00000000000026a4       0x34 src/simply/simply_stage.c.19.o
 .text.simply_stage_handle_packet
                0x00000000000026d8      0x2e0 src/simply/simply_stage.c.19.o
                0x00000000000026d8                simply_stage_handle_packet
 .text.simply_stage_create
                0x00000000000029b8       0x38 src/simply/simply_stage.c.19.o
                0x00000000000029b8                simply_stage_create
 .text.simply_stage_destroy
                0x00000000000029f0       0x16 src/simply/simply_stage.c.19.o
                0x00000000000029f0                simply_stage_destroy
 .text.window_unload
                0x0000000000002a06       0x1e src/simply/simply_ui.c.19.o
 .text.window_disappear
                0x0000000000002a24       0x1c src/simply/simply_ui.c.19.o
 .text.window_appear
                0x0000000000002a40        0xe src/simply/simply_ui.c.19.o
 .text.graphics_draw_bitmap_centered
                0x0000000000002a4e       0x62 src/simply/simply_ui.c.19.o
 .text.mark_dirty
                0x0000000000002ab0        0xa src/simply/simply_ui.c.19.o
 .text.show_welcome_text
                0x0000000000002aba       0x18 src/simply/simply_ui.c.19.o
 *fill*         0x0000000000002ad2        0x2 
 .text.layer_update_callback
                0x0000000000002ad4      0x510 src/simply/simply_ui.c.19.o
 .text.simply_ui_set_style
                0x0000000000002fe4       0x3c src/simply/simply_ui.c.19.o
                0x0000000000002fe4                simply_ui_set_style
 .text.window_load
                0x0000000000003020       0x60 src/simply/simply_ui.c.19.o
 .text.simply_ui_set_text
                0x0000000000003080       0x5c src/simply/simply_ui.c.19.o
                0x0000000000003080                simply_ui_set_text
 .text.simply_ui_set_text_color
                0x00000000000030dc        0xc src/simply/simply_ui.c.19.o
                0x00000000000030dc                simply_ui_set_text_color
 .text.simply_ui_clear
                0x00000000000030e8       0x4a src/simply/simply_ui.c.19.o
                0x00000000000030e8                simply_ui_clear
 .text.simply_ui_handle_packet
                0x0000000000003132       0x70 src/simply/simply_ui.c.19.o
                0x0000000000003132                simply_ui_handle_packet
 *fill*         0x00000000000031a2        0x2 
 .text.simply_ui_create
                0x00000000000031a4       0x48 src/simply/simply_ui.c.19.o
                0x00000000000031a4                simply_ui_create
 .text.simply_ui_destroy
                0x00000000000031ec       0x2a src/simply/simply_ui.c.19.o
                0x00000000000031ec                simply_ui_destroy
 .text.wakeup_handler
                0x0000000000003216       0x1c src/simply/simply_wakeup.c.19.o
 .text.wakeup_set_timer_callback
                0x0000000000003232       0x20 src/simply/simply_wakeup.c.19.o
 *fill*         0x0000000000003252        0x2 
 .text.simply_wakeup_handle_packet
                0x0000000000003254       0xac src/simply/simply_wakeup.c.19.o
                0x0000000000003254                simply_wakeup_handle_packet
 .text.simply_wakeup_init
                0x0000000000003300        0xc src/simply/simply_wakeup.c.19.o
                0x0000000000003300                simply_wakeup_init
 .text.prv_update_layer_placement
                0x000000000000330c       0xa8 src/simply/simply_window.c.19.o
 .text.simply_window_single_click_handler
                0x00000000000033b4       0x5c src/simply/simply_window.c.19.o
                0x00000000000033b4                simply_window_single_click_handler
 .text.scroll_layer_set_click_config_provider_onto_window.constprop.5
                0x0000000000003410       0x30 src/simply/simply_window.c.19.o
 .text.click_config_provider
                0x0000000000003440       0x7c src/simply/simply_window.c.19.o
 .text.long_click_handler
                0x00000000000034bc       0x32 src/simply/simply_window.c.19.o
 .text.simply_window_set_scrollable
                0x00000000000034ee       0x60 src/simply/simply_window.c.19.o
                0x00000000000034ee                simply_window_set_scrollable
 .text.simply_window_set_status_bar
                0x000000000000354e       0x44 src/simply/simply_window.c.19.o
                0x000000000000354e                simply_window_set_status_bar
 .text.simply_window_set_background_color
                0x0000000000003592       0x26 src/simply/simply_window.c.19.o
                0x0000000000003592                simply_window_set_background_color
 .text.simply_window_set_status_bar_colors
                0x00000000000035b8        0xa src/simply/simply_window.c.19.o
                0x00000000000035b8                simply_window_set_status_bar_colors
 .text.simply_window_set_status_bar_separator_mode
                0x00000000000035c2        0xa src/simply/simply_window.c.19.o
                0x00000000000035c2                simply_window_set_status_bar_separator_mode
 .text.simply_window_set_action_bar
                0x00000000000035cc       0x50 src/simply/simply_window.c.19.o
                0x00000000000035cc                simply_window_set_action_bar
 .text.simply_window_set_action_bar_icon
                0x000000000000361c       0x58 src/simply/simply_window.c.19.o
                0x000000000000361c                simply_window_set_action_bar_icon
 .text.simply_window_set_action_bar_background_color
                0x0000000000003674       0x38 src/simply/simply_window.c.19.o
                0x0000000000003674                simply_window_set_action_bar_background_color
 .text.simply_window_action_bar_clear
                0x00000000000036ac       0x2c src/simply/simply_window.c.19.o
                0x00000000000036ac                simply_window_action_bar_clear
 .text.simply_window_preload
                0x00000000000036d8       0x30 src/simply/simply_window.c.19.o
                0x00000000000036d8                simply_window_preload
 .text.simply_window_load
                0x0000000000003708       0x9c src/simply/simply_window.c.19.o
                0x0000000000003708                simply_window_load
 .text.simply_window_appear
                0x00000000000037a4       0x1c src/simply/simply_window.c.19.o
                0x00000000000037a4                simply_window_appear
 .text.simply_window_disappear
                0x00000000000037c0       0x1c src/simply/simply_window.c.19.o
                0x00000000000037c0                simply_window_disappear
 .text.simply_window_unload
                0x00000000000037dc       0x32 src/simply/simply_window.c.19.o
                0x00000000000037dc                simply_window_unload
 .text.simply_window_handle_packet
                0x000000000000380e       0xac src/simply/simply_window.c.19.o
                0x000000000000380e                simply_window_handle_packet
 .text.simply_window_init
                0x00000000000038ba       0x26 src/simply/simply_window.c.19.o
                0x00000000000038ba                simply_window_init
 .text.simply_window_deinit
                0x00000000000038e0       0x12 src/simply/simply_window.c.19.o
                0x00000000000038e0                simply_window_deinit
 .text.show_window_sdk_3.isra.4
                0x00000000000038f2       0x50 src/simply/simply_window_stack.c.19.o
 *fill*         0x0000000000003942        0x2 
 .text.simply_window_stack_set_broadcast
                0x0000000000003944       0x10 src/simply/simply_window_stack.c.19.o
                0x0000000000003944                simply_window_stack_set_broadcast
 .text.simply_window_stack_get_top_window
                0x0000000000003954       0x20 src/simply/simply_window_stack.c.19.o
                0x0000000000003954                simply_window_stack_get_top_window
 .text.simply_window_stack_show
                0x0000000000003974        0x4 src/simply/simply_window_stack.c.19.o
                0x0000000000003974                simply_window_stack_show
 .text.simply_window_stack_pop
                0x0000000000003978       0x26 src/simply/simply_window_stack.c.19.o
                0x0000000000003978                simply_window_stack_pop
 *fill*         0x000000000000399e        0x2 
 .text.simply_window_stack_send_show
                0x00000000000039a0       0x30 src/simply/simply_window_stack.c.19.o
                0x00000000000039a0                simply_window_stack_send_show
 .text.simply_window_stack_send_hide
                0x00000000000039d0       0x30 src/simply/simply_window_stack.c.19.o
                0x00000000000039d0                simply_window_stack_send_hide
 .text.simply_window_stack_back
                0x0000000000003a00       0x1a src/simply/simply_window_stack.c.19.o
                0x0000000000003a00                simply_window_stack_back
 .text.simply_window_stack_handle_packet
                0x0000000000003a1a       0x4a src/simply/simply_window_stack.c.19.o
                0x0000000000003a1a                simply_window_stack_handle_packet
 .text.simply_window_stack_create
                0x0000000000003a64       0x12 src/simply/simply_window_stack.c.19.o
                0x0000000000003a64                simply_window_stack_create
 .text.simply_window_stack_destroy
                0x0000000000003a76        0x8 src/simply/simply_window_stack.c.19.o
                0x0000000000003a76                simply_window_stack_destroy
 *fill*         0x0000000000003a7e        0x2 
 .text.accel_data_service_unsubscribe
                0x0000000000003a80        0xc /home/hs2t/.pebble-sdk/SDKs/current/sdk-core/pebble/aplite/lib/libpebble.a(tmpeWFBzLpebble.o)
                0x0000000000003a80                accel_data_service_unsubscribe
 .text.accel_service_peek
                0x0000000000003a8c        0xc /home/hs2t/.pebble-sdk/SDKs/current/sdk-core/pebble/aplite/lib/libpebble.a(tmpeWFBzLpebble.o)
                0x0000000000003a8c                accel_service_peek
 .text.accel_service_set_sampling_rate
                0x0000000000003a98        0xc /home/hs2t/.pebble-sdk/SDKs/current/sdk-core/pebble/aplite/lib/libpebble.a(tmpeWFBzLpebble.o)
                0x0000000000003a98                accel_service_set_sampling_rate
 .text.accel_tap_service_subscribe
                0x0000000000003aa4        0xc /home/hs2t/.pebble-sdk/SDKs/current/sdk-core/pebble/aplite/lib/libpebble.a(tmpeWFBzLpebble.o)
                0x0000000000003aa4                accel_tap_service_subscribe
 .text.accel_tap_service_unsubscribe
                0x0000000000003ab0        0xc /home/hs2t/.pebble-sdk/SDKs/current/sdk-core/pebble/aplite/lib/libpebble.a(tmpeWFBzLpebble.o)
                0x0000000000003ab0                accel_tap_service_unsubscribe
 .text.app_event_loop
                0x0000000000003abc        0xc /home/hs2t/.pebble-sdk/SDKs/current/sdk-core/pebble/aplite/lib/libpebble.a(tmpeWFBzLpebble.o)
                0x0000000000003abc                app_event_loop
 .text.app_message_deregister_callbacks
                0x0000000000003ac8        0xc /home/hs2t/.pebble-sdk/SDKs/current/sdk-core/pebble/aplite/lib/libpebble.a(tmpeWFBzLpebble.o)
                0x0000000000003ac8                app_message_deregister_callbacks
 .text.app_message_open
                0x0000000000003ad4        0xc /home/hs2t/.pebble-sdk/SDKs/current/sdk-core/pebble/aplite/lib/libpebble.a(tmpeWFBzLpebble.o)
                0x0000000000003ad4                app_message_open
 .text.app_timer_cancel
                0x0000000000003ae0        0xc /home/hs2t/.pebble-sdk/SDKs/current/sdk-core/pebble/aplite/lib/libpebble.a(tmpeWFBzLpebble.o)
                0x0000000000003ae0                app_timer_cancel
 .text.app_timer_register
                0x0000000000003aec        0xc /home/hs2t/.pebble-sdk/SDKs/current/sdk-core/pebble/aplite/lib/libpebble.a(tmpeWFBzLpebble.o)
                0x0000000000003aec                app_timer_register
 .text.bitmap_layer_create
                0x0000000000003af8        0xc /home/hs2t/.pebble-sdk/SDKs/current/sdk-core/pebble/aplite/lib/libpebble.a(tmpeWFBzLpebble.o)
                0x0000000000003af8                bitmap_layer_create
 .text.bitmap_layer_destroy
                0x0000000000003b04        0xc /home/hs2t/.pebble-sdk/SDKs/current/sdk-core/pebble/aplite/lib/libpebble.a(tmpeWFBzLpebble.o)
                0x0000000000003b04                bitmap_layer_destroy
 .text.bitmap_layer_get_layer
                0x0000000000003b10        0xc /home/hs2t/.pebble-sdk/SDKs/current/sdk-core/pebble/aplite/lib/libpebble.a(tmpeWFBzLpebble.o)
                0x0000000000003b10                bitmap_layer_get_layer
 .text.bitmap_layer_set_bitmap
                0x0000000000003b1c        0xc /home/hs2t/.pebble-sdk/SDKs/current/sdk-core/pebble/aplite/lib/libpebble.a(tmpeWFBzLpebble.o)
                0x0000000000003b1c                bitmap_layer_set_bitmap
 .text.bitmap_layer_set_compositing_mode
                0x0000000000003b28        0xc /home/hs2t/.pebble-sdk/SDKs/current/sdk-core/pebble/aplite/lib/libpebble.a(tmpeWFBzLpebble.o)
                0x0000000000003b28                bitmap_layer_set_compositing_mode
 .text.click_recognizer_get_button_id
                0x0000000000003b34        0xc /home/hs2t/.pebble-sdk/SDKs/current/sdk-core/pebble/aplite/lib/libpebble.a(tmpeWFBzLpebble.o)
                0x0000000000003b34                click_recognizer_get_button_id
 .text.cos_lookup
                0x0000000000003b40        0xc /home/hs2t/.pebble-sdk/SDKs/current/sdk-core/pebble/aplite/lib/libpebble.a(tmpeWFBzLpebble.o)
                0x0000000000003b40                cos_lookup
 .text.dict_find
                0x0000000000003b4c        0xc /home/hs2t/.pebble-sdk/SDKs/current/sdk-core/pebble/aplite/lib/libpebble.a(tmpeWFBzLpebble.o)
                0x0000000000003b4c                dict_find
 .text.dict_write_data
                0x0000000000003b58        0xc /home/hs2t/.pebble-sdk/SDKs/current/sdk-core/pebble/aplite/lib/libpebble.a(tmpeWFBzLpebble.o)
                0x0000000000003b58                dict_write_data
 .text.fonts_get_system_font
                0x0000000000003b64        0xc /home/hs2t/.pebble-sdk/SDKs/current/sdk-core/pebble/aplite/lib/libpebble.a(tmpeWFBzLpebble.o)
                0x0000000000003b64                fonts_get_system_font
 .text.fonts_load_custom_font
                0x0000000000003b70        0xc /home/hs2t/.pebble-sdk/SDKs/current/sdk-core/pebble/aplite/lib/libpebble.a(tmpeWFBzLpebble.o)
                0x0000000000003b70                fonts_load_custom_font
 .text.fonts_unload_custom_font
                0x0000000000003b7c        0xc /home/hs2t/.pebble-sdk/SDKs/current/sdk-core/pebble/aplite/lib/libpebble.a(tmpeWFBzLpebble.o)
                0x0000000000003b7c                fonts_unload_custom_font
 .text.free     0x0000000000003b88        0xc /home/hs2t/.pebble-sdk/SDKs/current/sdk-core/pebble/aplite/lib/libpebble.a(tmpeWFBzLpebble.o)
                0x0000000000003b88                free
 .text.gbitmap_create_with_resource
                0x0000000000003b94        0xc /home/hs2t/.pebble-sdk/SDKs/current/sdk-core/pebble/aplite/lib/libpebble.a(tmpeWFBzLpebble.o)
                0x0000000000003b94                gbitmap_create_with_resource
 .text.gbitmap_destroy
                0x0000000000003ba0        0xc /home/hs2t/.pebble-sdk/SDKs/current/sdk-core/pebble/aplite/lib/libpebble.a(tmpeWFBzLpebble.o)
                0x0000000000003ba0                gbitmap_destroy
 .text.graphics_context_set_compositing_mode
                0x0000000000003bac        0xc /home/hs2t/.pebble-sdk/SDKs/current/sdk-core/pebble/aplite/lib/libpebble.a(tmpeWFBzLpebble.o)
                0x0000000000003bac                graphics_context_set_compositing_mode
 .text.graphics_draw_bitmap_in_rect
                0x0000000000003bb8        0xc /home/hs2t/.pebble-sdk/SDKs/current/sdk-core/pebble/aplite/lib/libpebble.a(tmpeWFBzLpebble.o)
                0x0000000000003bb8                graphics_draw_bitmap_in_rect
 .text.graphics_draw_circle
                0x0000000000003bc4        0xc /home/hs2t/.pebble-sdk/SDKs/current/sdk-core/pebble/aplite/lib/libpebble.a(tmpeWFBzLpebble.o)
                0x0000000000003bc4                graphics_draw_circle
 .text.graphics_draw_line
                0x0000000000003bd0        0xc /home/hs2t/.pebble-sdk/SDKs/current/sdk-core/pebble/aplite/lib/libpebble.a(tmpeWFBzLpebble.o)
                0x0000000000003bd0                graphics_draw_line
 .text.graphics_draw_round_rect
                0x0000000000003bdc        0xc /home/hs2t/.pebble-sdk/SDKs/current/sdk-core/pebble/aplite/lib/libpebble.a(tmpeWFBzLpebble.o)
                0x0000000000003bdc                graphics_draw_round_rect
 .text.graphics_fill_circle
                0x0000000000003be8        0xc /home/hs2t/.pebble-sdk/SDKs/current/sdk-core/pebble/aplite/lib/libpebble.a(tmpeWFBzLpebble.o)
                0x0000000000003be8                graphics_fill_circle
 .text.graphics_fill_rect
                0x0000000000003bf4        0xc /home/hs2t/.pebble-sdk/SDKs/current/sdk-core/pebble/aplite/lib/libpebble.a(tmpeWFBzLpebble.o)
                0x0000000000003bf4                graphics_fill_rect
 .text.grect_center_point
                0x0000000000003c00        0xc /home/hs2t/.pebble-sdk/SDKs/current/sdk-core/pebble/aplite/lib/libpebble.a(tmpeWFBzLpebble.o)
                0x0000000000003c00                grect_center_point
 .text.grect_standardize
                0x0000000000003c0c        0xc /home/hs2t/.pebble-sdk/SDKs/current/sdk-core/pebble/aplite/lib/libpebble.a(tmpeWFBzLpebble.o)
                0x0000000000003c0c                grect_standardize
 .text.inverter_layer_create
                0x0000000000003c18        0xc /home/hs2t/.pebble-sdk/SDKs/current/sdk-core/pebble/aplite/lib/libpebble.a(tmpeWFBzLpebble.o)
                0x0000000000003c18                inverter_layer_create
 .text.inverter_layer_destroy
                0x0000000000003c24        0xc /home/hs2t/.pebble-sdk/SDKs/current/sdk-core/pebble/aplite/lib/libpebble.a(tmpeWFBzLpebble.o)
                0x0000000000003c24                inverter_layer_destroy
 .text.inverter_layer_get_layer
                0x0000000000003c30        0xc /home/hs2t/.pebble-sdk/SDKs/current/sdk-core/pebble/aplite/lib/libpebble.a(tmpeWFBzLpebble.o)
                0x0000000000003c30                inverter_layer_get_layer
 .text.layer_add_child
                0x0000000000003c3c        0xc /home/hs2t/.pebble-sdk/SDKs/current/sdk-core/pebble/aplite/lib/libpebble.a(tmpeWFBzLpebble.o)
                0x0000000000003c3c                layer_add_child
 .text.layer_create_with_data
                0x0000000000003c48        0xc /home/hs2t/.pebble-sdk/SDKs/current/sdk-core/pebble/aplite/lib/libpebble.a(tmpeWFBzLpebble.o)
                0x0000000000003c48                layer_create_with_data
 .text.layer_destroy
                0x0000000000003c54        0xc /home/hs2t/.pebble-sdk/SDKs/current/sdk-core/pebble/aplite/lib/libpebble.a(tmpeWFBzLpebble.o)
                0x0000000000003c54                layer_destroy
 .text.layer_get_bounds
                0x0000000000003c60        0xc /home/hs2t/.pebble-sdk/SDKs/current/sdk-core/pebble/aplite/lib/libpebble.a(tmpeWFBzLpebble.o)
                0x0000000000003c60                layer_get_bounds
 .text.layer_get_data
                0x0000000000003c6c        0xc /home/hs2t/.pebble-sdk/SDKs/current/sdk-core/pebble/aplite/lib/libpebble.a(tmpeWFBzLpebble.o)
                0x0000000000003c6c                layer_get_data
 .text.layer_get_frame
                0x0000000000003c78        0xc /home/hs2t/.pebble-sdk/SDKs/current/sdk-core/pebble/aplite/lib/libpebble.a(tmpeWFBzLpebble.o)
                0x0000000000003c78                layer_get_frame
 .text.layer_get_window
                0x0000000000003c84        0xc /home/hs2t/.pebble-sdk/SDKs/current/sdk-core/pebble/aplite/lib/libpebble.a(tmpeWFBzLpebble.o)
                0x0000000000003c84                layer_get_window
 .text.layer_mark_dirty
                0x0000000000003c90        0xc /home/hs2t/.pebble-sdk/SDKs/current/sdk-core/pebble/aplite/lib/libpebble.a(tmpeWFBzLpebble.o)
                0x0000000000003c90                layer_mark_dirty
 .text.layer_remove_from_parent
                0x0000000000003c9c        0xc /home/hs2t/.pebble-sdk/SDKs/current/sdk-core/pebble/aplite/lib/libpebble.a(tmpeWFBzLpebble.o)
                0x0000000000003c9c                layer_remove_from_parent
 .text.layer_set_frame
                0x0000000000003ca8        0xc /home/hs2t/.pebble-sdk/SDKs/current/sdk-core/pebble/aplite/lib/libpebble.a(tmpeWFBzLpebble.o)
                0x0000000000003ca8                layer_set_frame
 .text.layer_set_update_proc
                0x0000000000003cb4        0xc /home/hs2t/.pebble-sdk/SDKs/current/sdk-core/pebble/aplite/lib/libpebble.a(tmpeWFBzLpebble.o)
                0x0000000000003cb4                layer_set_update_proc
 .text.light_enable
                0x0000000000003cc0        0xc /home/hs2t/.pebble-sdk/SDKs/current/sdk-core/pebble/aplite/lib/libpebble.a(tmpeWFBzLpebble.o)
                0x0000000000003cc0                light_enable
 .text.light_enable_interaction
                0x0000000000003ccc        0xc /home/hs2t/.pebble-sdk/SDKs/current/sdk-core/pebble/aplite/lib/libpebble.a(tmpeWFBzLpebble.o)
                0x0000000000003ccc                light_enable_interaction
 .text.malloc   0x0000000000003cd8        0xc /home/hs2t/.pebble-sdk/SDKs/current/sdk-core/pebble/aplite/lib/libpebble.a(tmpeWFBzLpebble.o)
                0x0000000000003cd8                malloc
 .text.memcpy   0x0000000000003ce4        0xc /home/hs2t/.pebble-sdk/SDKs/current/sdk-core/pebble/aplite/lib/libpebble.a(tmpeWFBzLpebble.o)
                0x0000000000003ce4                memcpy
 .text.memset   0x0000000000003cf0        0xc /home/hs2t/.pebble-sdk/SDKs/current/sdk-core/pebble/aplite/lib/libpebble.a(tmpeWFBzLpebble.o)
                0x0000000000003cf0                memset
 .text.menu_cell_basic_draw
                0x0000000000003cfc        0xc /home/hs2t/.pebble-sdk/SDKs/current/sdk-core/pebble/aplite/lib/libpebble.a(tmpeWFBzLpebble.o)
                0x0000000000003cfc                menu_cell_basic_draw
 .text.menu_layer_destroy
                0x0000000000003d08        0xc /home/hs2t/.pebble-sdk/SDKs/current/sdk-core/pebble/aplite/lib/libpebble.a(tmpeWFBzLpebble.o)
                0x0000000000003d08                menu_layer_destroy
 .text.menu_layer_get_layer
                0x0000000000003d14        0xc /home/hs2t/.pebble-sdk/SDKs/current/sdk-core/pebble/aplite/lib/libpebble.a(tmpeWFBzLpebble.o)
                0x0000000000003d14                menu_layer_get_layer
 .text.menu_layer_get_selected_index
                0x0000000000003d20        0xc /home/hs2t/.pebble-sdk/SDKs/current/sdk-core/pebble/aplite/lib/libpebble.a(tmpeWFBzLpebble.o)
                0x0000000000003d20                menu_layer_get_selected_index
 .text.menu_layer_reload_data
                0x0000000000003d2c        0xc /home/hs2t/.pebble-sdk/SDKs/current/sdk-core/pebble/aplite/lib/libpebble.a(tmpeWFBzLpebble.o)
                0x0000000000003d2c                menu_layer_reload_data
 .text.menu_layer_set_click_config_onto_window
                0x0000000000003d38        0xc /home/hs2t/.pebble-sdk/SDKs/current/sdk-core/pebble/aplite/lib/libpebble.a(tmpeWFBzLpebble.o)
                0x0000000000003d38                menu_layer_set_click_config_onto_window
 .text.menu_layer_set_selected_index
                0x0000000000003d44        0xc /home/hs2t/.pebble-sdk/SDKs/current/sdk-core/pebble/aplite/lib/libpebble.a(tmpeWFBzLpebble.o)
                0x0000000000003d44                menu_layer_set_selected_index
 .text.resource_get_handle
                0x0000000000003d50        0xc /home/hs2t/.pebble-sdk/SDKs/current/sdk-core/pebble/aplite/lib/libpebble.a(tmpeWFBzLpebble.o)
                0x0000000000003d50                resource_get_handle
 .text.scroll_layer_add_child
                0x0000000000003d5c        0xc /home/hs2t/.pebble-sdk/SDKs/current/sdk-core/pebble/aplite/lib/libpebble.a(tmpeWFBzLpebble.o)
                0x0000000000003d5c                scroll_layer_add_child
 .text.scroll_layer_create
                0x0000000000003d68        0xc /home/hs2t/.pebble-sdk/SDKs/current/sdk-core/pebble/aplite/lib/libpebble.a(tmpeWFBzLpebble.o)
                0x0000000000003d68                scroll_layer_create
 .text.scroll_layer_destroy
                0x0000000000003d74        0xc /home/hs2t/.pebble-sdk/SDKs/current/sdk-core/pebble/aplite/lib/libpebble.a(tmpeWFBzLpebble.o)
                0x0000000000003d74                scroll_layer_destroy
 .text.scroll_layer_get_content_offset
                0x0000000000003d80        0xc /home/hs2t/.pebble-sdk/SDKs/current/sdk-core/pebble/aplite/lib/libpebble.a(tmpeWFBzLpebble.o)
                0x0000000000003d80                scroll_layer_get_content_offset
 .text.scroll_layer_get_layer
                0x0000000000003d8c        0xc /home/hs2t/.pebble-sdk/SDKs/current/sdk-core/pebble/aplite/lib/libpebble.a(tmpeWFBzLpebble.o)
                0x0000000000003d8c                scroll_layer_get_layer
 .text.scroll_layer_set_click_config_onto_window
                0x0000000000003d98        0xc /home/hs2t/.pebble-sdk/SDKs/current/sdk-core/pebble/aplite/lib/libpebble.a(tmpeWFBzLpebble.o)
                0x0000000000003d98                scroll_layer_set_click_config_onto_window
 .text.scroll_layer_set_content_offset
                0x0000000000003da4        0xc /home/hs2t/.pebble-sdk/SDKs/current/sdk-core/pebble/aplite/lib/libpebble.a(tmpeWFBzLpebble.o)
                0x0000000000003da4                scroll_layer_set_content_offset
 .text.scroll_layer_set_content_size
                0x0000000000003db0        0xc /home/hs2t/.pebble-sdk/SDKs/current/sdk-core/pebble/aplite/lib/libpebble.a(tmpeWFBzLpebble.o)
                0x0000000000003db0                scroll_layer_set_content_size
 .text.scroll_layer_set_context
                0x0000000000003dbc        0xc /home/hs2t/.pebble-sdk/SDKs/current/sdk-core/pebble/aplite/lib/libpebble.a(tmpeWFBzLpebble.o)
                0x0000000000003dbc                scroll_layer_set_context
 .text.scroll_layer_set_shadow_hidden
                0x0000000000003dc8        0xc /home/hs2t/.pebble-sdk/SDKs/current/sdk-core/pebble/aplite/lib/libpebble.a(tmpeWFBzLpebble.o)
                0x0000000000003dc8                scroll_layer_set_shadow_hidden
 .text.sin_lookup
                0x0000000000003dd4        0xc /home/hs2t/.pebble-sdk/SDKs/current/sdk-core/pebble/aplite/lib/libpebble.a(tmpeWFBzLpebble.o)
                0x0000000000003dd4                sin_lookup
 .text.strftime
                0x0000000000003de0        0xc /home/hs2t/.pebble-sdk/SDKs/current/sdk-core/pebble/aplite/lib/libpebble.a(tmpeWFBzLpebble.o)
                0x0000000000003de0                strftime
 .text.strlen   0x0000000000003dec        0xc /home/hs2t/.pebble-sdk/SDKs/current/sdk-core/pebble/aplite/lib/libpebble.a(tmpeWFBzLpebble.o)
                0x0000000000003dec                strlen
 .text.strncpy  0x0000000000003df8        0xc /home/hs2t/.pebble-sdk/SDKs/current/sdk-core/pebble/aplite/lib/libpebble.a(tmpeWFBzLpebble.o)
                0x0000000000003df8                strncpy
 .text.tick_timer_service_subscribe
                0x0000000000003e04        0xc /home/hs2t/.pebble-sdk/SDKs/current/sdk-core/pebble/aplite/lib/libpebble.a(tmpeWFBzLpebble.o)
                0x0000000000003e04                tick_timer_service_subscribe
 .text.tick_timer_service_unsubscribe
                0x0000000000003e10        0xc /home/hs2t/.pebble-sdk/SDKs/current/sdk-core/pebble/aplite/lib/libpebble.a(tmpeWFBzLpebble.o)
                0x0000000000003e10                tick_timer_service_unsubscribe
 .text.vibes_double_pulse
                0x0000000000003e1c        0xc /home/hs2t/.pebble-sdk/SDKs/current/sdk-core/pebble/aplite/lib/libpebble.a(tmpeWFBzLpebble.o)
                0x0000000000003e1c                vibes_double_pulse
 .text.vibes_long_pulse
                0x0000000000003e28        0xc /home/hs2t/.pebble-sdk/SDKs/current/sdk-core/pebble/aplite/lib/libpebble.a(tmpeWFBzLpebble.o)
                0x0000000000003e28                vibes_long_pulse
 .text.vibes_short_pulse
                0x0000000000003e34        0xc /home/hs2t/.pebble-sdk/SDKs/current/sdk-core/pebble/aplite/lib/libpebble.a(tmpeWFBzLpebble.o)
                0x0000000000003e34                vibes_short_pulse
 .text.window_create
                0x0000000000003e40        0xc /home/hs2t/.pebble-sdk/SDKs/current/sdk-core/pebble/aplite/lib/libpebble.a(tmpeWFBzLpebble.o)
                0x0000000000003e40                window_create
 .text.window_destroy
                0x0000000000003e4c        0xc /home/hs2t/.pebble-sdk/SDKs/current/sdk-core/pebble/aplite/lib/libpebble.a(tmpeWFBzLpebble.o)
                0x0000000000003e4c                window_destroy
 .text.window_get_click_config_provider
                0x0000000000003e58        0xc /home/hs2t/.pebble-sdk/SDKs/current/sdk-core/pebble/aplite/lib/libpebble.a(tmpeWFBzLpebble.o)
                0x0000000000003e58                window_get_click_config_provider
 .text.window_get_root_layer
                0x0000000000003e64        0xc /home/hs2t/.pebble-sdk/SDKs/current/sdk-core/pebble/aplite/lib/libpebble.a(tmpeWFBzLpebble.o)
                0x0000000000003e64                window_get_root_layer
 .text.window_set_click_config_provider_with_context
                0x0000000000003e70        0xc /home/hs2t/.pebble-sdk/SDKs/current/sdk-core/pebble/aplite/lib/libpebble.a(tmpeWFBzLpebble.o)
                0x0000000000003e70                window_set_click_config_provider_with_context
 .text.window_set_window_handlers
                0x0000000000003e7c        0xc /home/hs2t/.pebble-sdk/SDKs/current/sdk-core/pebble/aplite/lib/libpebble.a(tmpeWFBzLpebble.o)
                0x0000000000003e7c                window_set_window_handlers
 .text.window_stack_get_top_window
                0x0000000000003e88        0xc /home/hs2t/.pebble-sdk/SDKs/current/sdk-core/pebble/aplite/lib/libpebble.a(tmpeWFBzLpebble.o)
                0x0000000000003e88                window_stack_get_top_window
 .text.window_stack_pop
                0x0000000000003e94        0xc /home/hs2t/.pebble-sdk/SDKs/current/sdk-core/pebble/aplite/lib/libpebble.a(tmpeWFBzLpebble.o)
                0x0000000000003e94                window_stack_pop
 .text.window_stack_pop_all
                0x0000000000003ea0        0xc /home/hs2t/.pebble-sdk/SDKs/current/sdk-core/pebble/aplite/lib/libpebble.a(tmpeWFBzLpebble.o)
                0x0000000000003ea0                window_stack_pop_all
 .text.window_stack_push
                0x0000000000003eac        0xc /home/hs2t/.pebble-sdk/SDKs/current/sdk-core/pebble/aplite/lib/libpebble.a(tmpeWFBzLpebble.o)
                0x0000000000003eac                window_stack_push
 .text.window_stack_remove
                0x0000000000003eb8        0xc /home/hs2t/.pebble-sdk/SDKs/current/sdk-core/pebble/aplite/lib/libpebble.a(tmpeWFBzLpebble.o)
                0x0000000000003eb8                window_stack_remove
 .text.window_get_user_data
                0x0000000000003ec4        0xc /home/hs2t/.pebble-sdk/SDKs/current/sdk-core/pebble/aplite/lib/libpebble.a(tmpeWFBzLpebble.o)
                0x0000000000003ec4                window_get_user_data
 .text.window_set_user_data
                0x0000000000003ed0        0xc /home/hs2t/.pebble-sdk/SDKs/current/sdk-core/pebble/aplite/lib/libpebble.a(tmpeWFBzLpebble.o)
                0x0000000000003ed0                window_set_user_data
 .text.app_message_outbox_begin
                0x0000000000003edc        0xc /home/hs2t/.pebble-sdk/SDKs/current/sdk-core/pebble/aplite/lib/libpebble.a(tmpeWFBzLpebble.o)
                0x0000000000003edc                app_message_outbox_begin
 .text.app_message_outbox_send
                0x0000000000003ee8        0xc /home/hs2t/.pebble-sdk/SDKs/current/sdk-core/pebble/aplite/lib/libpebble.a(tmpeWFBzLpebble.o)
                0x0000000000003ee8                app_message_outbox_send
 .text.app_message_register_inbox_dropped
                0x0000000000003ef4        0xc /home/hs2t/.pebble-sdk/SDKs/current/sdk-core/pebble/aplite/lib/libpebble.a(tmpeWFBzLpebble.o)
                0x0000000000003ef4                app_message_register_inbox_dropped
 .text.app_message_register_inbox_received
                0x0000000000003f00        0xc /home/hs2t/.pebble-sdk/SDKs/current/sdk-core/pebble/aplite/lib/libpebble.a(tmpeWFBzLpebble.o)
                0x0000000000003f00                app_message_register_inbox_received
 .text.app_message_register_outbox_failed
                0x0000000000003f0c        0xc /home/hs2t/.pebble-sdk/SDKs/current/sdk-core/pebble/aplite/lib/libpebble.a(tmpeWFBzLpebble.o)
                0x0000000000003f0c                app_message_register_outbox_failed
 .text.app_message_register_outbox_sent
                0x0000000000003f18        0xc /home/hs2t/.pebble-sdk/SDKs/current/sdk-core/pebble/aplite/lib/libpebble.a(tmpeWFBzLpebble.o)
                0x0000000000003f18                app_message_register_outbox_sent
 .text.app_message_set_context
                0x0000000000003f24        0xc /home/hs2t/.pebble-sdk/SDKs/current/sdk-core/pebble/aplite/lib/libpebble.a(tmpeWFBzLpebble.o)
                0x0000000000003f24                app_message_set_context
 .text.window_long_click_subscribe
                0x0000000000003f30        0xc /home/hs2t/.pebble-sdk/SDKs/current/sdk-core/pebble/aplite/lib/libpebble.a(tmpeWFBzLpebble.o)
                0x0000000000003f30                window_long_click_subscribe
 .text.window_set_click_context
                0x0000000000003f3c        0xc /home/hs2t/.pebble-sdk/SDKs/current/sdk-core/pebble/aplite/lib/libpebble.a(tmpeWFBzLpebble.o)
                0x0000000000003f3c                window_set_click_context
 .text.window_single_click_subscribe
                0x0000000000003f48        0xc /home/hs2t/.pebble-sdk/SDKs/current/sdk-core/pebble/aplite/lib/libpebble.a(tmpeWFBzLpebble.o)
                0x0000000000003f48                window_single_click_subscribe
 .text.graphics_draw_text
                0x0000000000003f54        0xc /home/hs2t/.pebble-sdk/SDKs/current/sdk-core/pebble/aplite/lib/libpebble.a(tmpeWFBzLpebble.o)
                0x0000000000003f54                graphics_draw_text
 .text.accel_data_service_subscribe
                0x0000000000003f60        0xc /home/hs2t/.pebble-sdk/SDKs/current/sdk-core/pebble/aplite/lib/libpebble.a(tmpeWFBzLpebble.o)
                0x0000000000003f60                accel_data_service_subscribe
 .text.launch_reason
                0x0000000000003f6c        0xc /home/hs2t/.pebble-sdk/SDKs/current/sdk-core/pebble/aplite/lib/libpebble.a(tmpeWFBzLpebble.o)
                0x0000000000003f6c                launch_reason
 .text.wakeup_cancel
                0x0000000000003f78        0xc /home/hs2t/.pebble-sdk/SDKs/current/sdk-core/pebble/aplite/lib/libpebble.a(tmpeWFBzLpebble.o)
                0x0000000000003f78                wakeup_cancel
 .text.wakeup_cancel_all
                0x0000000000003f84        0xc /home/hs2t/.pebble-sdk/SDKs/current/sdk-core/pebble/aplite/lib/libpebble.a(tmpeWFBzLpebble.o)
                0x0000000000003f84                wakeup_cancel_all
 .text.wakeup_get_launch_event
                0x0000000000003f90        0xc /home/hs2t/.pebble-sdk/SDKs/current/sdk-core/pebble/aplite/lib/libpebble.a(tmpeWFBzLpebble.o)
                0x0000000000003f90                wakeup_get_launch_event
 .text.wakeup_schedule
                0x0000000000003f9c        0xc /home/hs2t/.pebble-sdk/SDKs/current/sdk-core/pebble/aplite/lib/libpebble.a(tmpeWFBzLpebble.o)
                0x0000000000003f9c                wakeup_schedule
 .text.wakeup_service_subscribe
                0x0000000000003fa8        0xc /home/hs2t/.pebble-sdk/SDKs/current/sdk-core/pebble/aplite/lib/libpebble.a(tmpeWFBzLpebble.o)
                0x0000000000003fa8                wakeup_service_subscribe
 .text.clock_is_timezone_set
                0x0000000000003fb4        0xc /home/hs2t/.pebble-sdk/SDKs/current/sdk-core/pebble/aplite/lib/libpebble.a(tmpeWFBzLpebble.o)
                0x0000000000003fb4                clock_is_timezone_set
 .text.graphics_context_set_fill_color
                0x0000000000003fc0        0xc /home/hs2t/.pebble-sdk/SDKs/current/sdk-core/pebble/aplite/lib/libpebble.a(tmpeWFBzLpebble.o)
                0x0000000000003fc0                graphics_context_set_fill_color
 .text.graphics_context_set_stroke_color
                0x0000000000003fcc        0xc /home/hs2t/.pebble-sdk/SDKs/current/sdk-core/pebble/aplite/lib/libpebble.a(tmpeWFBzLpebble.o)
                0x0000000000003fcc                graphics_context_set_stroke_color
 .text.graphics_context_set_text_color
                0x0000000000003fd8        0xc /home/hs2t/.pebble-sdk/SDKs/current/sdk-core/pebble/aplite/lib/libpebble.a(tmpeWFBzLpebble.o)
                0x0000000000003fd8                graphics_context_set_text_color
 .text.window_set_background_color
                0x0000000000003fe4        0xc /home/hs2t/.pebble-sdk/SDKs/current/sdk-core/pebble/aplite/lib/libpebble.a(tmpeWFBzLpebble.o)
                0x0000000000003fe4                window_set_background_color
 .text.localtime
                0x0000000000003ff0        0xc /home/hs2t/.pebble-sdk/SDKs/current/sdk-core/pebble/aplite/lib/libpebble.a(tmpeWFBzLpebble.o)
                0x0000000000003ff0                localtime
 .text.animation_destroy
                0x0000000000003ffc        0xc /home/hs2t/.pebble-sdk/SDKs/current/sdk-core/pebble/aplite/lib/libpebble.a(tmpeWFBzLpebble.o)
                0x0000000000003ffc                animation_destroy
 .text.animation_schedule
                0x0000000000004008        0xc /home/hs2t/.pebble-sdk/SDKs/current/sdk-core/pebble/aplite/lib/libpebble.a(tmpeWFBzLpebble.o)
                0x0000000000004008                animation_schedule
 .text.animation_set_curve
                0x0000000000004014        0xc /home/hs2t/.pebble-sdk/SDKs/current/sdk-core/pebble/aplite/lib/libpebble.a(tmpeWFBzLpebble.o)
                0x0000000000004014                animation_set_curve
 .text.animation_set_duration
                0x0000000000004020        0xc /home/hs2t/.pebble-sdk/SDKs/current/sdk-core/pebble/aplite/lib/libpebble.a(tmpeWFBzLpebble.o)
                0x0000000000004020                animation_set_duration
 .text.animation_set_handlers
                0x000000000000402c        0xc /home/hs2t/.pebble-sdk/SDKs/current/sdk-core/pebble/aplite/lib/libpebble.a(tmpeWFBzLpebble.o)
                0x000000000000402c                animation_set_handlers
 .text.animation_unschedule
                0x0000000000004038        0xc /home/hs2t/.pebble-sdk/SDKs/current/sdk-core/pebble/aplite/lib/libpebble.a(tmpeWFBzLpebble.o)
                0x0000000000004038                animation_unschedule
 .text.property_animation_create
                0x0000000000004044        0xc /home/hs2t/.pebble-sdk/SDKs/current/sdk-core/pebble/aplite/lib/libpebble.a(tmpeWFBzLpebble.o)
                0x0000000000004044                property_animation_create
 .text.property_animation_destroy
                0x0000000000004050        0xc /home/hs2t/.pebble-sdk/SDKs/current/sdk-core/pebble/aplite/lib/libpebble.a(tmpeWFBzLpebble.o)
                0x0000000000004050                property_animation_destroy
 .text.property_animation_from
                0x000000000000405c        0xc /home/hs2t/.pebble-sdk/SDKs/current/sdk-core/pebble/aplite/lib/libpebble.a(tmpeWFBzLpebble.o)
                0x000000000000405c                property_animation_from
 .text.property_animation_to
                0x0000000000004068        0xc /home/hs2t/.pebble-sdk/SDKs/current/sdk-core/pebble/aplite/lib/libpebble.a(tmpeWFBzLpebble.o)
                0x0000000000004068                property_animation_to
 .text.property_animation_update_grect
                0x0000000000004074        0xc /home/hs2t/.pebble-sdk/SDKs/current/sdk-core/pebble/aplite/lib/libpebble.a(tmpeWFBzLpebble.o)
                0x0000000000004074                property_animation_update_grect
 .text.gbitmap_get_bounds
                0x0000000000004080        0xc /home/hs2t/.pebble-sdk/SDKs/current/sdk-core/pebble/aplite/lib/libpebble.a(tmpeWFBzLpebble.o)
                0x0000000000004080                gbitmap_get_bounds
 .text.gbitmap_get_format
                0x000000000000408c        0xc /home/hs2t/.pebble-sdk/SDKs/current/sdk-core/pebble/aplite/lib/libpebble.a(tmpeWFBzLpebble.o)
                0x000000000000408c                gbitmap_get_format
 .text.gbitmap_get_palette
                0x0000000000004098        0xc /home/hs2t/.pebble-sdk/SDKs/current/sdk-core/pebble/aplite/lib/libpebble.a(tmpeWFBzLpebble.o)
                0x0000000000004098                gbitmap_get_palette
 .text.gbitmap_set_palette
                0x00000000000040a4        0xc /home/hs2t/.pebble-sdk/SDKs/current/sdk-core/pebble/aplite/lib/libpebble.a(tmpeWFBzLpebble.o)
                0x00000000000040a4                gbitmap_set_palette
 .text.gbitmap_create_from_png_data
                0x00000000000040b0        0xc /home/hs2t/.pebble-sdk/SDKs/current/sdk-core/pebble/aplite/lib/libpebble.a(tmpeWFBzLpebble.o)
                0x00000000000040b0                gbitmap_create_from_png_data
 .text.launch_get_args
                0x00000000000040bc        0xc /home/hs2t/.pebble-sdk/SDKs/current/sdk-core/pebble/aplite/lib/libpebble.a(tmpeWFBzLpebble.o)
                0x00000000000040bc                launch_get_args
 .text.menu_layer_create
                0x00000000000040c8        0xc /home/hs2t/.pebble-sdk/SDKs/current/sdk-core/pebble/aplite/lib/libpebble.a(tmpeWFBzLpebble.o)
                0x00000000000040c8                menu_layer_create
 .text.graphics_context_set_antialiased
                0x00000000000040d4        0xc /home/hs2t/.pebble-sdk/SDKs/current/sdk-core/pebble/aplite/lib/libpebble.a(tmpeWFBzLpebble.o)
                0x00000000000040d4                graphics_context_set_antialiased
 .text.graphics_context_set_stroke_width
                0x00000000000040e0        0xc /home/hs2t/.pebble-sdk/SDKs/current/sdk-core/pebble/aplite/lib/libpebble.a(tmpeWFBzLpebble.o)
                0x00000000000040e0                graphics_context_set_stroke_width
 .text.action_bar_layer_add_to_window
                0x00000000000040ec        0xc /home/hs2t/.pebble-sdk/SDKs/current/sdk-core/pebble/aplite/lib/libpebble.a(tmpeWFBzLpebble.o)
                0x00000000000040ec                action_bar_layer_add_to_window
 .text.action_bar_layer_clear_icon
                0x00000000000040f8        0xc /home/hs2t/.pebble-sdk/SDKs/current/sdk-core/pebble/aplite/lib/libpebble.a(tmpeWFBzLpebble.o)
                0x00000000000040f8                action_bar_layer_clear_icon
 .text.action_bar_layer_create
                0x0000000000004104        0xc /home/hs2t/.pebble-sdk/SDKs/current/sdk-core/pebble/aplite/lib/libpebble.a(tmpeWFBzLpebble.o)
                0x0000000000004104                action_bar_layer_create
 .text.action_bar_layer_destroy
                0x0000000000004110        0xc /home/hs2t/.pebble-sdk/SDKs/current/sdk-core/pebble/aplite/lib/libpebble.a(tmpeWFBzLpebble.o)
                0x0000000000004110                action_bar_layer_destroy
 .text.action_bar_layer_get_layer
                0x000000000000411c        0xc /home/hs2t/.pebble-sdk/SDKs/current/sdk-core/pebble/aplite/lib/libpebble.a(tmpeWFBzLpebble.o)
                0x000000000000411c                action_bar_layer_get_layer
 .text.action_bar_layer_remove_from_window
                0x0000000000004128        0xc /home/hs2t/.pebble-sdk/SDKs/current/sdk-core/pebble/aplite/lib/libpebble.a(tmpeWFBzLpebble.o)
                0x0000000000004128                action_bar_layer_remove_from_window
 .text.action_bar_layer_set_background_color
                0x0000000000004134        0xc /home/hs2t/.pebble-sdk/SDKs/current/sdk-core/pebble/aplite/lib/libpebble.a(tmpeWFBzLpebble.o)
                0x0000000000004134                action_bar_layer_set_background_color
 .text.action_bar_layer_set_click_config_provider
                0x0000000000004140        0xc /home/hs2t/.pebble-sdk/SDKs/current/sdk-core/pebble/aplite/lib/libpebble.a(tmpeWFBzLpebble.o)
                0x0000000000004140                action_bar_layer_set_click_config_provider
 .text.action_bar_layer_set_context
                0x000000000000414c        0xc /home/hs2t/.pebble-sdk/SDKs/current/sdk-core/pebble/aplite/lib/libpebble.a(tmpeWFBzLpebble.o)
                0x000000000000414c                action_bar_layer_set_context
 .text.action_bar_layer_set_icon
                0x0000000000004158        0xc /home/hs2t/.pebble-sdk/SDKs/current/sdk-core/pebble/aplite/lib/libpebble.a(tmpeWFBzLpebble.o)
                0x0000000000004158                action_bar_layer_set_icon
 .text.menu_cell_layer_is_highlighted
                0x0000000000004164        0xc /home/hs2t/.pebble-sdk/SDKs/current/sdk-core/pebble/aplite/lib/libpebble.a(tmpeWFBzLpebble.o)
                0x0000000000004164                menu_cell_layer_is_highlighted
 .text.time     0x0000000000004170        0xc /home/hs2t/.pebble-sdk/SDKs/current/sdk-core/pebble/aplite/lib/libpebble.a(tmpeWFBzLpebble.o)
                0x0000000000004170                time
 .text.menu_layer_set_highlight_colors
                0x000000000000417c        0xc /home/hs2t/.pebble-sdk/SDKs/current/sdk-core/pebble/aplite/lib/libpebble.a(tmpeWFBzLpebble.o)
                0x000000000000417c                menu_layer_set_highlight_colors
 .text.menu_layer_set_normal_colors
                0x0000000000004188        0xc /home/hs2t/.pebble-sdk/SDKs/current/sdk-core/pebble/aplite/lib/libpebble.a(tmpeWFBzLpebble.o)
                0x0000000000004188                menu_layer_set_normal_colors
 .text.menu_layer_set_callbacks
                0x0000000000004194        0xc /home/hs2t/.pebble-sdk/SDKs/current/sdk-core/pebble/aplite/lib/libpebble.a(tmpeWFBzLpebble.o)
                0x0000000000004194                menu_layer_set_callbacks
 .text.status_bar_layer_create
                0x00000000000041a0        0xc /home/hs2t/.pebble-sdk/SDKs/current/sdk-core/pebble/aplite/lib/libpebble.a(tmpeWFBzLpebble.o)
                0x00000000000041a0                status_bar_layer_create
 .text.status_bar_layer_destroy
                0x00000000000041ac        0xc /home/hs2t/.pebble-sdk/SDKs/current/sdk-core/pebble/aplite/lib/libpebble.a(tmpeWFBzLpebble.o)
                0x00000000000041ac                status_bar_layer_destroy
 .text.status_bar_layer_get_layer
                0x00000000000041b8        0xc /home/hs2t/.pebble-sdk/SDKs/current/sdk-core/pebble/aplite/lib/libpebble.a(tmpeWFBzLpebble.o)
                0x00000000000041b8                status_bar_layer_get_layer
 .text.status_bar_layer_set_colors
                0x00000000000041c4        0xc /home/hs2t/.pebble-sdk/SDKs/current/sdk-core/pebble/aplite/lib/libpebble.a(tmpeWFBzLpebble.o)
                0x00000000000041c4                status_bar_layer_set_colors
 .text.status_bar_layer_set_separator_mode
                0x00000000000041d0        0xc /home/hs2t/.pebble-sdk/SDKs/current/sdk-core/pebble/aplite/lib/libpebble.a(tmpeWFBzLpebble.o)
                0x00000000000041d0                status_bar_layer_set_separator_mode
 .text.time_ms  0x00000000000041dc        0xc /home/hs2t/.pebble-sdk/SDKs/current/sdk-core/pebble/aplite/lib/libpebble.a(tmpeWFBzLpebble.o)
                0x00000000000041dc                time_ms
 .text.gcolor_legible_over
                0x00000000000041e8        0xc /home/hs2t/.pebble-sdk/SDKs/current/sdk-core/pebble/aplite/lib/libpebble.a(tmpeWFBzLpebble.o)
                0x00000000000041e8                gcolor_legible_over
 .text.grect_inset
                0x00000000000041f4        0xc /home/hs2t/.pebble-sdk/SDKs/current/sdk-core/pebble/aplite/lib/libpebble.a(tmpeWFBzLpebble.o)
                0x00000000000041f4                grect_inset
 .text.gpoint_from_polar
                0x0000000000004200        0xc /home/hs2t/.pebble-sdk/SDKs/current/sdk-core/pebble/aplite/lib/libpebble.a(tmpeWFBzLpebble.o)
                0x0000000000004200                gpoint_from_polar
 .text.graphics_draw_arc
                0x000000000000420c        0xc /home/hs2t/.pebble-sdk/SDKs/current/sdk-core/pebble/aplite/lib/libpebble.a(tmpeWFBzLpebble.o)
                0x000000000000420c                graphics_draw_arc
 .text.graphics_fill_radial
                0x0000000000004218        0xc /home/hs2t/.pebble-sdk/SDKs/current/sdk-core/pebble/aplite/lib/libpebble.a(tmpeWFBzLpebble.o)
                0x0000000000004218                graphics_fill_radial
 .text.graphics_text_attributes_create
                0x0000000000004224        0xc /home/hs2t/.pebble-sdk/SDKs/current/sdk-core/pebble/aplite/lib/libpebble.a(tmpeWFBzLpebble.o)
                0x0000000000004224                graphics_text_attributes_create
 .text.graphics_text_attributes_destroy
                0x0000000000004230        0xc /home/hs2t/.pebble-sdk/SDKs/current/sdk-core/pebble/aplite/lib/libpebble.a(tmpeWFBzLpebble.o)
                0x0000000000004230                graphics_text_attributes_destroy
 .text.graphics_text_layout_get_content_size_with_attributes
                0x000000000000423c        0xc /home/hs2t/.pebble-sdk/SDKs/current/sdk-core/pebble/aplite/lib/libpebble.a(tmpeWFBzLpebble.o)
                0x000000000000423c                graphics_text_layout_get_content_size_with_attributes
 .text.scroll_layer_set_paging
                0x0000000000004248        0xc /home/hs2t/.pebble-sdk/SDKs/current/sdk-core/pebble/aplite/lib/libpebble.a(tmpeWFBzLpebble.o)
                0x0000000000004248                scroll_layer_set_paging
 *(.rodata)
 *(.rodata*)
 .rodata.str1.1
                0x0000000000004254       0x1b src/simply/simply_menu.c.19.o
                                         0x1c (size before relaxing)
 .rodata.str1.1
                0x000000000000426f       0x26 src/simply/simply_msg.c.19.o
 .rodata.str1.1
                0x0000000000004295       0x16 src/simply/simply_stage.c.19.o
 .rodata.str1.1
                0x00000000000042ab       0x7d src/simply/simply_ui.c.19.o

.glue_7         0x0000000000004328        0x0
 .glue_7        0x0000000000000000        0x0 linker stubs

.glue_7t        0x0000000000004328        0x0
 .glue_7t       0x0000000000000000        0x0 linker stubs

.vfp11_veneer   0x0000000000004328        0x0
 .vfp11_veneer  0x0000000000000000        0x0 linker stubs

.v4_bx          0x0000000000004328        0x0
 .v4_bx         0x0000000000000000        0x0 linker stubs

.iplt           0x0000000000004328        0x0
 .iplt          0x0000000000000000        0x0 /home/hs2t/pebble-dev/pebble-sdk-4.0.1-linux64/arm-cs-tools/bin/../lib/gcc/arm-none-eabi/4.7.2/thumb2/crtbegin.o

.rel.dyn        0x0000000000004328        0x0
 .rel.iplt      0x0000000000000000        0x0 /home/hs2t/pebble-dev/pebble-sdk-4.0.1-linux64/arm-cs-tools/bin/../lib/gcc/arm-none-eabi/4.7.2/thumb2/crtbegin.o
 .rel.got       0x0000000000000000        0x0 /home/hs2t/pebble-dev/pebble-sdk-4.0.1-linux64/arm-cs-tools/bin/../lib/gcc/arm-none-eabi/4.7.2/thumb2/crtbegin.o

.ARM.exidx      0x0000000000004328        0x8
 .ARM.exidx     0x0000000000004328        0x8 /home/hs2t/pebble-dev/pebble-sdk-4.0.1-linux64/arm-cs-tools/bin/../lib/gcc/arm-none-eabi/4.7.2/thumb2/libgcc.a(_divdi3.o)
 .ARM.exidx     0x0000000000004330        0x0 /home/hs2t/pebble-dev/pebble-sdk-4.0.1-linux64/arm-cs-tools/bin/../lib/gcc/arm-none-eabi/4.7.2/thumb2/libgcc.a(_udivdi3.o)
                                          0x8 (size before relaxing)

.data           0x0000000000004330       0xae
 *(.data)
 .data          0x0000000000004330        0x0 /home/hs2t/pebble-dev/pebble-sdk-4.0.1-linux64/arm-cs-tools/bin/../lib/gcc/arm-none-eabi/4.7.2/thumb2/crti.o
 .data          0x0000000000004330        0x4 /home/hs2t/pebble-dev/pebble-sdk-4.0.1-linux64/arm-cs-tools/bin/../lib/gcc/arm-none-eabi/4.7.2/thumb2/crtbegin.o
                0x0000000000004330                __dso_handle
 .data          0x0000000000004334        0x0 src/main.c.19.o
 .data          0x0000000000004334        0x0 src/simply/simply.c.19.o
 .data          0x0000000000004334        0x0 src/simply/simply_accel.c.19.o
 .data          0x0000000000004334        0x0 src/simply/simply_menu.c.19.o
 .data          0x0000000000004334        0x0 src/simply/simply_msg.c.19.o
 .data          0x0000000000004334        0x0 src/simply/simply_res.c.19.o
 .data          0x0000000000004334        0x0 src/simply/simply_splash.c.19.o
 .data          0x0000000000004334        0x0 src/simply/simply_stage.c.19.o
 .data          0x0000000000004334        0x0 src/simply/simply_ui.c.19.o
 .data          0x0000000000004334        0x0 src/simply/simply_voice.c.19.o
 .data          0x0000000000004334        0x0 src/simply/simply_wakeup.c.19.o
 .data          0x0000000000004334        0x0 src/simply/simply_window.c.19.o
 .data          0x0000000000004334        0x0 src/simply/simply_window_stack.c.19.o
 .data          0x0000000000004334        0x0 aplite/appinfo.auto.c.19.o
 .data          0x0000000000004334        0x0 /home/hs2t/.pebble-sdk/SDKs/current/sdk-core/pebble/aplite/lib/libpebble.a(tmpeWFBzLpebble.o)
 .data          0x0000000000004334        0x0 /home/hs2t/pebble-dev/pebble-sdk-4.0.1-linux64/arm-cs-tools/bin/../lib/gcc/arm-none-eabi/4.7.2/thumb2/libgcc.a(_aeabi_ldivmod.o)
 .data          0x0000000000004334        0x0 /home/hs2t/pebble-dev/pebble-sdk-4.0.1-linux64/arm-cs-tools/bin/../lib/gcc/arm-none-eabi/4.7.2/thumb2/libgcc.a(bpabi.o)
 .data          0x0000000000004334        0x0 /home/hs2t/pebble-dev/pebble-sdk-4.0.1-linux64/arm-cs-tools/bin/../lib/gcc/arm-none-eabi/4.7.2/thumb2/libgcc.a(_dvmd_tls.o)
 .data          0x0000000000004334        0x0 /home/hs2t/pebble-dev/pebble-sdk-4.0.1-linux64/arm-cs-tools/bin/../lib/gcc/arm-none-eabi/4.7.2/thumb2/libgcc.a(_divdi3.o)
 .data          0x0000000000004334        0x0 /home/hs2t/pebble-dev/pebble-sdk-4.0.1-linux64/arm-cs-tools/bin/../lib/gcc/arm-none-eabi/4.7.2/thumb2/libgcc.a(_udivdi3.o)
 .data          0x0000000000004334        0x0 /home/hs2t/pebble-dev/pebble-sdk-4.0.1-linux64/arm-cs-tools/bin/../lib/gcc/arm-none-eabi/4.7.2/thumb2/libgcc.a(_udivsi3.o)
 .data          0x0000000000004334        0x0 /home/hs2t/pebble-dev/pebble-sdk-4.0.1-linux64/arm-cs-tools/bin/../lib/gcc/arm-none-eabi/4.7.2/thumb2/crtend.o
 .data          0x0000000000004334        0x0 /home/hs2t/pebble-dev/pebble-sdk-4.0.1-linux64/arm-cs-tools/bin/../lib/gcc/arm-none-eabi/4.7.2/thumb2/crtn.o
 *(.data.*)
 .data.rel.ro.local.s_window_handlers.8296
                0x0000000000004334       0x10 src/simply/simply_menu.c.19.o
 .data.s_normal_palette
                0x0000000000004344        0x2 src/simply/simply_menu.c.19.o
 .data.s_inverted_palette
                0x0000000000004346        0x2 src/simply/simply_menu.c.19.o
 .data.rel.ro.local.s_window_handlers.8381
                0x0000000000004348       0x10 src/simply/simply_stage.c.19.o
 .data.rel.ro.implementation.8248
                0x0000000000004358       0x14 src/simply/simply_stage.c.19.o
 .data.rel.ro.local.s_window_handlers.8077
                0x000000000000436c       0x10 src/simply/simply_ui.c.19.o
 .data.rel.ro.local.STYLES
                0x000000000000437c       0x5f src/simply/simply_ui.c.19.o
 .data.s_button_palette
                0x00000000000043db        0x2 src/simply/simply_window.c.19.o
 .data.s_broadcast_window
                0x00000000000043dd        0x1 src/simply/simply_window_stack.c.19.o

.igot.plt       0x00000000000043e0        0x0
 .igot.plt      0x0000000000000000        0x0 /home/hs2t/pebble-dev/pebble-sdk-4.0.1-linux64/arm-cs-tools/bin/../lib/gcc/arm-none-eabi/4.7.2/thumb2/crtbegin.o

.got            0x00000000000043e0        0x4
 .got           0x00000000000043e0        0x4 /home/hs2t/pebble-dev/pebble-sdk-4.0.1-linux64/arm-cs-tools/bin/../lib/gcc/arm-none-eabi/4.7.2/thumb2/crtbegin.o

.got.plt        0x00000000000043e4        0xc
 .got.plt       0x00000000000043e4        0xc /home/hs2t/pebble-dev/pebble-sdk-4.0.1-linux64/arm-cs-tools/bin/../lib/gcc/arm-none-eabi/4.7.2/thumb2/crtbegin.o
                0x00000000000043e4                _GLOBAL_OFFSET_TABLE_

.bss            0x00000000000043f0      0x124
 *(.bss)
 *(.bss.*)
 .bss.s_bitmap  0x00000000000043f0        0x4 src/main.c.19.o
 .bss.s_bitmap_layer
                0x00000000000043f4        0x4 src/main.c.19.o
 .bss.s_main_window
                0x00000000000043f8        0x4 src/main.c.19.o
 .bss.s_accel   0x00000000000043fc        0x4 src/simply/simply_accel.c.19.o
 .bss.s_provider.7872
                0x0000000000004400        0x4 src/simply/simply_menu.c.19.o
 .bss.s_has_communicated
                0x0000000000004404        0x1 src/simply/simply_msg.c.19.o
 *fill*         0x0000000000004405        0x3 
 .bss.s_msg     0x0000000000004408        0x4 src/simply/simply_msg.c.19.o
 .bss.time_text.8144
                0x000000000000440c      0x100 src/simply/simply_stage.c.19.o
 .bss.s_provider.7868
                0x000000000000450c        0x4 src/simply/simply_window.c.19.o
 COMMON         0x0000000000004510        0x4 src/main.c.19.o
                0x0000000000004510                simply

DISCARD
 libc.a(*)
 libm.a(*)
 libgcc.a(*)
 *(.eh_frame)
OUTPUT(/home/hs2t/Dropbox/Project/hs2t/smart_home/controler/CHJS/build/aplite/pebble-app.elf elf32-littlearm)

.ARM.attributes
                0x0000000000000000       0x27
 .ARM.attributes
                0x0000000000000000       0x19 /home/hs2t/pebble-dev/pebble-sdk-4.0.1-linux64/arm-cs-tools/bin/../lib/gcc/arm-none-eabi/4.7.2/thumb2/crti.o
 .ARM.attributes
                0x0000000000000019       0x29 /home/hs2t/pebble-dev/pebble-sdk-4.0.1-linux64/arm-cs-tools/bin/../lib/gcc/arm-none-eabi/4.7.2/thumb2/crtbegin.o
 .ARM.attributes
                0x0000000000000042       0x33 src/main.c.19.o
 .ARM.attributes
                0x0000000000000075       0x33 src/simply/simply.c.19.o
 .ARM.attributes
                0x00000000000000a8       0x33 src/simply/simply_accel.c.19.o
 .ARM.attributes
                0x00000000000000db       0x33 src/simply/simply_menu.c.19.o
 .ARM.attributes
                0x000000000000010e       0x33 src/simply/simply_msg.c.19.o
 .ARM.attributes
                0x0000000000000141       0x33 src/simply/simply_res.c.19.o
 .ARM.attributes
                0x0000000000000174       0x33 src/simply/simply_splash.c.19.o
 .ARM.attributes
                0x00000000000001a7       0x33 src/simply/simply_stage.c.19.o
 .ARM.attributes
                0x00000000000001da       0x33 src/simply/simply_ui.c.19.o
 .ARM.attributes
                0x000000000000020d       0x33 src/simply/simply_voice.c.19.o
 .ARM.attributes
                0x0000000000000240       0x33 src/simply/simply_wakeup.c.19.o
 .ARM.attributes
                0x0000000000000273       0x33 src/simply/simply_window.c.19.o
 .ARM.attributes
                0x00000000000002a6       0x33 src/simply/simply_window_stack.c.19.o
 .ARM.attributes
                0x00000000000002d9       0x33 aplite/appinfo.auto.c.19.o
 .ARM.attributes
                0x000000000000030c       0x21 /home/hs2t/.pebble-sdk/SDKs/current/sdk-core/pebble/aplite/lib/libpebble.a(tmpeWFBzLpebble.o)
 .ARM.attributes
                0x000000000000032d       0x19 /home/hs2t/pebble-dev/pebble-sdk-4.0.1-linux64/arm-cs-tools/bin/../lib/gcc/arm-none-eabi/4.7.2/thumb2/libgcc.a(_aeabi_ldivmod.o)
 .ARM.attributes
                0x0000000000000346       0x29 /home/hs2t/pebble-dev/pebble-sdk-4.0.1-linux64/arm-cs-tools/bin/../lib/gcc/arm-none-eabi/4.7.2/thumb2/libgcc.a(bpabi.o)
 .ARM.attributes
                0x000000000000036f       0x19 /home/hs2t/pebble-dev/pebble-sdk-4.0.1-linux64/arm-cs-tools/bin/../lib/gcc/arm-none-eabi/4.7.2/thumb2/libgcc.a(_dvmd_tls.o)
 .ARM.attributes
                0x0000000000000388       0x29 /home/hs2t/pebble-dev/pebble-sdk-4.0.1-linux64/arm-cs-tools/bin/../lib/gcc/arm-none-eabi/4.7.2/thumb2/libgcc.a(_divdi3.o)
 .ARM.attributes
                0x00000000000003b1       0x29 /home/hs2t/pebble-dev/pebble-sdk-4.0.1-linux64/arm-cs-tools/bin/../lib/gcc/arm-none-eabi/4.7.2/thumb2/libgcc.a(_udivdi3.o)
 .ARM.attributes
                0x00000000000003da       0x19 /home/hs2t/pebble-dev/pebble-sdk-4.0.1-linux64/arm-cs-tools/bin/../lib/gcc/arm-none-eabi/4.7.2/thumb2/libgcc.a(_udivsi3.o)
 .ARM.attributes
                0x00000000000003f3       0x29 /home/hs2t/pebble-dev/pebble-sdk-4.0.1-linux64/arm-cs-tools/bin/../lib/gcc/arm-none-eabi/4.7.2/thumb2/crtend.o
 .ARM.attributes
                0x000000000000041c       0x19 /home/hs2t/pebble-dev/pebble-sdk-4.0.1-linux64/arm-cs-tools/bin/../lib/gcc/arm-none-eabi/4.7.2/thumb2/crtn.o

.comment        0x0000000000000000       0x4e
 .comment       0x0000000000000000       0x4e /home/hs2t/pebble-dev/pebble-sdk-4.0.1-linux64/arm-cs-tools/bin/../lib/gcc/arm-none-eabi/4.7.2/thumb2/crtbegin.o
                                         0x4f (size before relaxing)
 .comment       0x0000000000000000       0x4f src/main.c.19.o
 .comment       0x0000000000000000       0x4f src/simply/simply.c.19.o
 .comment       0x0000000000000000       0x4f src/simply/simply_accel.c.19.o
 .comment       0x0000000000000000       0x4f src/simply/simply_menu.c.19.o
 .comment       0x0000000000000000       0x4f src/simply/simply_msg.c.19.o
 .comment       0x0000000000000000       0x4f src/simply/simply_res.c.19.o
 .comment       0x0000000000000000       0x4f src/simply/simply_splash.c.19.o
 .comment       0x0000000000000000       0x4f src/simply/simply_stage.c.19.o
 .comment       0x0000000000000000       0x4f src/simply/simply_ui.c.19.o
 .comment       0x0000000000000000       0x4f src/simply/simply_voice.c.19.o
 .comment       0x0000000000000000       0x4f src/simply/simply_wakeup.c.19.o
 .comment       0x0000000000000000       0x4f src/simply/simply_window.c.19.o
 .comment       0x0000000000000000       0x4f src/simply/simply_window_stack.c.19.o
 .comment       0x0000000000000000       0x4f aplite/appinfo.auto.c.19.o
 .comment       0x0000000000000000       0x4f /home/hs2t/pebble-dev/pebble-sdk-4.0.1-linux64/arm-cs-tools/bin/../lib/gcc/arm-none-eabi/4.7.2/thumb2/libgcc.a(bpabi.o)
 .comment       0x0000000000000000       0x4f /home/hs2t/pebble-dev/pebble-sdk-4.0.1-linux64/arm-cs-tools/bin/../lib/gcc/arm-none-eabi/4.7.2/thumb2/libgcc.a(_divdi3.o)
 .comment       0x0000000000000000       0x4f /home/hs2t/pebble-dev/pebble-sdk-4.0.1-linux64/arm-cs-tools/bin/../lib/gcc/arm-none-eabi/4.7.2/thumb2/libgcc.a(_udivdi3.o)
 .comment       0x0000000000000000       0x4f /home/hs2t/pebble-dev/pebble-sdk-4.0.1-linux64/arm-cs-tools/bin/../lib/gcc/arm-none-eabi/4.7.2/thumb2/crtend.o

.debug_info     0x0000000000000000    0x166b0
 .debug_info    0x0000000000000000      0x7ca src/main.c.19.o
 .debug_info    0x00000000000007ca      0xcab src/simply/simply.c.19.o
 .debug_info    0x0000000000001475      0xd7c src/simply/simply_accel.c.19.o
 .debug_info    0x00000000000021f1     0x40c9 src/simply/simply_menu.c.19.o
 .debug_info    0x00000000000062ba     0x248e src/simply/simply_msg.c.19.o
 .debug_info    0x0000000000008748     0x13d4 src/simply/simply_res.c.19.o
 .debug_info    0x0000000000009b1c      0x900 src/simply/simply_splash.c.19.o
 .debug_info    0x000000000000a41c     0x46fb src/simply/simply_stage.c.19.o
 .debug_info    0x000000000000eb17     0x2655 src/simply/simply_ui.c.19.o
 .debug_info    0x000000000001116c       0x80 src/simply/simply_voice.c.19.o
 .debug_info    0x00000000000111ec      0xba7 src/simply/simply_wakeup.c.19.o
 .debug_info    0x0000000000011d93     0x2539 src/simply/simply_window.c.19.o
 .debug_info    0x00000000000142cc     0x1040 src/simply/simply_window_stack.c.19.o
 .debug_info    0x000000000001530c      0x331 aplite/appinfo.auto.c.19.o
 .debug_info    0x000000000001563d       0xb2 /home/hs2t/pebble-dev/pebble-sdk-4.0.1-linux64/arm-cs-tools/bin/../lib/gcc/arm-none-eabi/4.7.2/thumb2/libgcc.a(_aeabi_ldivmod.o)
 .debug_info    0x00000000000156ef      0x174 /home/hs2t/pebble-dev/pebble-sdk-4.0.1-linux64/arm-cs-tools/bin/../lib/gcc/arm-none-eabi/4.7.2/thumb2/libgcc.a(bpabi.o)
 .debug_info    0x0000000000015863       0xb6 /home/hs2t/pebble-dev/pebble-sdk-4.0.1-linux64/arm-cs-tools/bin/../lib/gcc/arm-none-eabi/4.7.2/thumb2/libgcc.a(_dvmd_tls.o)
 .debug_info    0x0000000000015919      0x68f /home/hs2t/pebble-dev/pebble-sdk-4.0.1-linux64/arm-cs-tools/bin/../lib/gcc/arm-none-eabi/4.7.2/thumb2/libgcc.a(_divdi3.o)
 .debug_info    0x0000000000015fa8      0x652 /home/hs2t/pebble-dev/pebble-sdk-4.0.1-linux64/arm-cs-tools/bin/../lib/gcc/arm-none-eabi/4.7.2/thumb2/libgcc.a(_udivdi3.o)
 .debug_info    0x00000000000165fa       0xb6 /home/hs2t/pebble-dev/pebble-sdk-4.0.1-linux64/arm-cs-tools/bin/../lib/gcc/arm-none-eabi/4.7.2/thumb2/libgcc.a(_udivsi3.o)

.debug_abbrev   0x0000000000000000     0x362c
 .debug_abbrev  0x0000000000000000      0x2ae src/main.c.19.o
 .debug_abbrev  0x00000000000002ae      0x28b src/simply/simply.c.19.o
 .debug_abbrev  0x0000000000000539      0x354 src/simply/simply_accel.c.19.o
 .debug_abbrev  0x000000000000088d      0x5ef src/simply/simply_menu.c.19.o
 .debug_abbrev  0x0000000000000e7c      0x58d src/simply/simply_msg.c.19.o
 .debug_abbrev  0x0000000000001409      0x449 src/simply/simply_res.c.19.o
 .debug_abbrev  0x0000000000001852      0x2ca src/simply/simply_splash.c.19.o
 .debug_abbrev  0x0000000000001b1c      0x5c4 src/simply/simply_stage.c.19.o
 .debug_abbrev  0x00000000000020e0      0x52a src/simply/simply_ui.c.19.o
 .debug_abbrev  0x000000000000260a       0x26 src/simply/simply_voice.c.19.o
 .debug_abbrev  0x0000000000002630      0x30b src/simply/simply_wakeup.c.19.o
 .debug_abbrev  0x000000000000293b      0x4e2 src/simply/simply_window.c.19.o
 .debug_abbrev  0x0000000000002e1d      0x3e2 src/simply/simply_window_stack.c.19.o
 .debug_abbrev  0x00000000000031ff       0x9e aplite/appinfo.auto.c.19.o
 .debug_abbrev  0x000000000000329d       0x14 /home/hs2t/pebble-dev/pebble-sdk-4.0.1-linux64/arm-cs-tools/bin/../lib/gcc/arm-none-eabi/4.7.2/thumb2/libgcc.a(_aeabi_ldivmod.o)
 .debug_abbrev  0x00000000000032b1       0xb7 /home/hs2t/pebble-dev/pebble-sdk-4.0.1-linux64/arm-cs-tools/bin/../lib/gcc/arm-none-eabi/4.7.2/thumb2/libgcc.a(bpabi.o)
 .debug_abbrev  0x0000000000003368       0x14 /home/hs2t/pebble-dev/pebble-sdk-4.0.1-linux64/arm-cs-tools/bin/../lib/gcc/arm-none-eabi/4.7.2/thumb2/libgcc.a(_dvmd_tls.o)
 .debug_abbrev  0x000000000000337c      0x151 /home/hs2t/pebble-dev/pebble-sdk-4.0.1-linux64/arm-cs-tools/bin/../lib/gcc/arm-none-eabi/4.7.2/thumb2/libgcc.a(_divdi3.o)
 .debug_abbrev  0x00000000000034cd      0x14b /home/hs2t/pebble-dev/pebble-sdk-4.0.1-linux64/arm-cs-tools/bin/../lib/gcc/arm-none-eabi/4.7.2/thumb2/libgcc.a(_udivdi3.o)
 .debug_abbrev  0x0000000000003618       0x14 /home/hs2t/pebble-dev/pebble-sdk-4.0.1-linux64/arm-cs-tools/bin/../lib/gcc/arm-none-eabi/4.7.2/thumb2/libgcc.a(_udivsi3.o)

.debug_loc      0x0000000000000000     0x9f3d
 .debug_loc     0x0000000000000000       0xd7 src/main.c.19.o
 .debug_loc     0x00000000000000d7       0x7c src/simply/simply.c.19.o
 .debug_loc     0x0000000000000153      0x4dc src/simply/simply_accel.c.19.o
 .debug_loc     0x000000000000062f     0x1dff src/simply/simply_menu.c.19.o
 .debug_loc     0x000000000000242e      0xbc5 src/simply/simply_msg.c.19.o
 .debug_loc     0x0000000000002ff3      0xccb src/simply/simply_res.c.19.o
 .debug_loc     0x0000000000003cbe      0x1ec src/simply/simply_splash.c.19.o
 .debug_loc     0x0000000000003eaa     0x18a8 src/simply/simply_stage.c.19.o
 .debug_loc     0x0000000000005752     0x118f src/simply/simply_ui.c.19.o
 .debug_loc     0x00000000000068e1      0x340 src/simply/simply_wakeup.c.19.o
 .debug_loc     0x0000000000006c21      0xd6f src/simply/simply_window.c.19.o
 .debug_loc     0x0000000000007990      0x6aa src/simply/simply_window_stack.c.19.o
 .debug_loc     0x000000000000803a       0xe0 /home/hs2t/pebble-dev/pebble-sdk-4.0.1-linux64/arm-cs-tools/bin/../lib/gcc/arm-none-eabi/4.7.2/thumb2/libgcc.a(bpabi.o)
 .debug_loc     0x000000000000811a      0xebd /home/hs2t/pebble-dev/pebble-sdk-4.0.1-linux64/arm-cs-tools/bin/../lib/gcc/arm-none-eabi/4.7.2/thumb2/libgcc.a(_divdi3.o)
 .debug_loc     0x0000000000008fd7      0xf66 /home/hs2t/pebble-dev/pebble-sdk-4.0.1-linux64/arm-cs-tools/bin/../lib/gcc/arm-none-eabi/4.7.2/thumb2/libgcc.a(_udivdi3.o)

.debug_aranges  0x0000000000000000      0x740
 .debug_aranges
                0x0000000000000000       0x30 src/main.c.19.o
 .debug_aranges
                0x0000000000000030       0x28 src/simply/simply.c.19.o
 .debug_aranges
                0x0000000000000058       0x50 src/simply/simply_accel.c.19.o
 .debug_aranges
                0x00000000000000a8      0x130 src/simply/simply_menu.c.19.o
 .debug_aranges
                0x00000000000001d8       0x88 src/simply/simply_msg.c.19.o
 .debug_aranges
                0x0000000000000260       0xb0 src/simply/simply_res.c.19.o
 .debug_aranges
                0x0000000000000310       0x40 src/simply/simply_splash.c.19.o
 .debug_aranges
                0x0000000000000350       0xf8 src/simply/simply_stage.c.19.o
 .debug_aranges
                0x0000000000000448       0x90 src/simply/simply_ui.c.19.o
 .debug_aranges
                0x00000000000004d8       0x18 src/simply/simply_voice.c.19.o
 .debug_aranges
                0x00000000000004f0       0x38 src/simply/simply_wakeup.c.19.o
 .debug_aranges
                0x0000000000000528       0xd0 src/simply/simply_window.c.19.o
 .debug_aranges
                0x00000000000005f8       0x70 src/simply/simply_window_stack.c.19.o
 .debug_aranges
                0x0000000000000668       0x18 aplite/appinfo.auto.c.19.o
 .debug_aranges
                0x0000000000000680       0x20 /home/hs2t/pebble-dev/pebble-sdk-4.0.1-linux64/arm-cs-tools/bin/../lib/gcc/arm-none-eabi/4.7.2/thumb2/libgcc.a(_aeabi_ldivmod.o)
 .debug_aranges
                0x00000000000006a0       0x20 /home/hs2t/pebble-dev/pebble-sdk-4.0.1-linux64/arm-cs-tools/bin/../lib/gcc/arm-none-eabi/4.7.2/thumb2/libgcc.a(bpabi.o)
 .debug_aranges
                0x00000000000006c0       0x20 /home/hs2t/pebble-dev/pebble-sdk-4.0.1-linux64/arm-cs-tools/bin/../lib/gcc/arm-none-eabi/4.7.2/thumb2/libgcc.a(_dvmd_tls.o)
 .debug_aranges
                0x00000000000006e0       0x20 /home/hs2t/pebble-dev/pebble-sdk-4.0.1-linux64/arm-cs-tools/bin/../lib/gcc/arm-none-eabi/4.7.2/thumb2/libgcc.a(_divdi3.o)
 .debug_aranges
                0x0000000000000700       0x20 /home/hs2t/pebble-dev/pebble-sdk-4.0.1-linux64/arm-cs-tools/bin/../lib/gcc/arm-none-eabi/4.7.2/thumb2/libgcc.a(_udivdi3.o)
 .debug_aranges
                0x0000000000000720       0x20 /home/hs2t/pebble-dev/pebble-sdk-4.0.1-linux64/arm-cs-tools/bin/../lib/gcc/arm-none-eabi/4.7.2/thumb2/libgcc.a(_udivsi3.o)

.debug_ranges   0x0000000000000000     0x1238
 .debug_ranges  0x0000000000000000       0x38 src/main.c.19.o
 .debug_ranges  0x0000000000000038       0x18 src/simply/simply.c.19.o
 .debug_ranges  0x0000000000000050       0x88 src/simply/simply_accel.c.19.o
 .debug_ranges  0x00000000000000d8      0x318 src/simply/simply_menu.c.19.o
 .debug_ranges  0x00000000000003f0      0x350 src/simply/simply_msg.c.19.o
 .debug_ranges  0x0000000000000740       0xe8 src/simply/simply_res.c.19.o
 .debug_ranges  0x0000000000000828       0x30 src/simply/simply_splash.c.19.o
 .debug_ranges  0x0000000000000858      0x3c0 src/simply/simply_stage.c.19.o
 .debug_ranges  0x0000000000000c18      0x200 src/simply/simply_ui.c.19.o
 .debug_ranges  0x0000000000000e18       0x58 src/simply/simply_wakeup.c.19.o
 .debug_ranges  0x0000000000000e70      0x108 src/simply/simply_window.c.19.o
 .debug_ranges  0x0000000000000f78       0xc0 src/simply/simply_window_stack.c.19.o
 .debug_ranges  0x0000000000001038      0x108 /home/hs2t/pebble-dev/pebble-sdk-4.0.1-linux64/arm-cs-tools/bin/../lib/gcc/arm-none-eabi/4.7.2/thumb2/libgcc.a(_divdi3.o)
 .debug_ranges  0x0000000000001140       0xf8 /home/hs2t/pebble-dev/pebble-sdk-4.0.1-linux64/arm-cs-tools/bin/../lib/gcc/arm-none-eabi/4.7.2/thumb2/libgcc.a(_udivdi3.o)

.debug_line     0x0000000000000000     0x3cce
 .debug_line    0x0000000000000000      0x1df src/main.c.19.o
 .debug_line    0x00000000000001df      0x2ed src/simply/simply.c.19.o
 .debug_line    0x00000000000004cc      0x2e8 src/simply/simply_accel.c.19.o
 .debug_line    0x00000000000007b4      0x930 src/simply/simply_menu.c.19.o
 .debug_line    0x00000000000010e4      0x536 src/simply/simply_msg.c.19.o
 .debug_line    0x000000000000161a      0x4bd src/simply/simply_res.c.19.o
 .debug_line    0x0000000000001ad7      0x28b src/simply/simply_splash.c.19.o
 .debug_line    0x0000000000001d62      0x7f7 src/simply/simply_stage.c.19.o
 .debug_line    0x0000000000002559      0x61d src/simply/simply_ui.c.19.o
 .debug_line    0x0000000000002b76       0x1d src/simply/simply_voice.c.19.o
 .debug_line    0x0000000000002b93      0x32d src/simply/simply_wakeup.c.19.o
 .debug_line    0x0000000000002ec0      0x59e src/simply/simply_window.c.19.o
 .debug_line    0x000000000000345e      0x389 src/simply/simply_window_stack.c.19.o
 .debug_line    0x00000000000037e7      0x141 aplite/appinfo.auto.c.19.o
 .debug_line    0x0000000000003928       0x71 /home/hs2t/pebble-dev/pebble-sdk-4.0.1-linux64/arm-cs-tools/bin/../lib/gcc/arm-none-eabi/4.7.2/thumb2/libgcc.a(_aeabi_ldivmod.o)
 .debug_line    0x0000000000003999       0x71 /home/hs2t/pebble-dev/pebble-sdk-4.0.1-linux64/arm-cs-tools/bin/../lib/gcc/arm-none-eabi/4.7.2/thumb2/libgcc.a(bpabi.o)
 .debug_line    0x0000000000003a0a       0x6d /home/hs2t/pebble-dev/pebble-sdk-4.0.1-linux64/arm-cs-tools/bin/../lib/gcc/arm-none-eabi/4.7.2/thumb2/libgcc.a(_dvmd_tls.o)
 .debug_line    0x0000000000003a77       0xef /home/hs2t/pebble-dev/pebble-sdk-4.0.1-linux64/arm-cs-tools/bin/../lib/gcc/arm-none-eabi/4.7.2/thumb2/libgcc.a(_divdi3.o)
 .debug_line    0x0000000000003b66       0xd8 /home/hs2t/pebble-dev/pebble-sdk-4.0.1-linux64/arm-cs-tools/bin/../lib/gcc/arm-none-eabi/4.7.2/thumb2/libgcc.a(_udivdi3.o)
 .debug_line    0x0000000000003c3e       0x90 /home/hs2t/pebble-dev/pebble-sdk-4.0.1-linux64/arm-cs-tools/bin/../lib/gcc/arm-none-eabi/4.7.2/thumb2/libgcc.a(_udivsi3.o)

.debug_str      0x0000000000000000     0x4fd1
 .debug_str     0x0000000000000000      0x4c8 src/main.c.19.o
                                        0x582 (size before relaxing)
 .debug_str     0x00000000000004c8      0x4a8 src/simply/simply.c.19.o
                                        0x767 (size before relaxing)
 .debug_str     0x0000000000000970      0x703 src/simply/simply_accel.c.19.o
                                        0xa4b (size before relaxing)
 .debug_str     0x0000000000001073     0x1246 src/simply/simply_menu.c.19.o
                                       0x1ddb (size before relaxing)
 .debug_str     0x00000000000022b9      0x826 src/simply/simply_msg.c.19.o
                                       0x146b (size before relaxing)
 .debug_str     0x0000000000002adf      0x2d0 src/simply/simply_res.c.19.o
                                        0x6e9 (size before relaxing)
 .debug_str     0x0000000000002daf       0xb6 src/simply/simply_splash.c.19.o
                                        0x555 (size before relaxing)
 .debug_str     0x0000000000002e65      0xe72 src/simply/simply_stage.c.19.o
                                       0x1ec3 (size before relaxing)
 .debug_str     0x0000000000003cd7      0x43c src/simply/simply_ui.c.19.o
                                       0x16fa (size before relaxing)
 .debug_str     0x0000000000004113       0x1d src/simply/simply_voice.c.19.o
                                        0x10d (size before relaxing)
 .debug_str     0x0000000000004130      0x25c src/simply/simply_wakeup.c.19.o
                                        0x9c0 (size before relaxing)
 .debug_str     0x000000000000438c      0x7b2 src/simply/simply_window.c.19.o
                                       0x156b (size before relaxing)
 .debug_str     0x0000000000004b3e      0x19c src/simply/simply_window_stack.c.19.o
                                        0xb99 (size before relaxing)
 .debug_str     0x0000000000004cda      0x157 aplite/appinfo.auto.c.19.o
                                        0x386 (size before relaxing)
 .debug_str     0x0000000000004e31       0xda /home/hs2t/pebble-dev/pebble-sdk-4.0.1-linux64/arm-cs-tools/bin/../lib/gcc/arm-none-eabi/4.7.2/thumb2/libgcc.a(bpabi.o)
                                        0x10b (size before relaxing)
 .debug_str     0x0000000000004f0b       0xc6 /home/hs2t/pebble-dev/pebble-sdk-4.0.1-linux64/arm-cs-tools/bin/../lib/gcc/arm-none-eabi/4.7.2/thumb2/libgcc.a(_divdi3.o)
                                        0x1d8 (size before relaxing)
 .debug_str     0x0000000000000000      0x1d9 /home/hs2t/pebble-dev/pebble-sdk-4.0.1-linux64/arm-cs-tools/bin/../lib/gcc/arm-none-eabi/4.7.2/thumb2/libgcc.a(_udivdi3.o)

.debug_frame    0x0000000000000000     0x129c
 .debug_frame   0x0000000000000000       0x68 src/main.c.19.o
 .debug_frame   0x0000000000000068       0x44 src/simply/simply.c.19.o
 .debug_frame   0x00000000000000ac       0xd0 src/simply/simply_accel.c.19.o
 .debug_frame   0x000000000000017c      0x390 src/simply/simply_menu.c.19.o
 .debug_frame   0x000000000000050c      0x178 src/simply/simply_msg.c.19.o
 .debug_frame   0x0000000000000684      0x1e8 src/simply/simply_res.c.19.o
 .debug_frame   0x000000000000086c       0x9c src/simply/simply_splash.c.19.o